Archive member included to satisfy reference by file (symbol)

app/libapp.a(main.c.obj)      (--whole-archive)
zephyr/libzephyr.a(cbprintf_packaged.c.obj)
                              (--whole-archive)
zephyr/libzephyr.a(dec.c.obj)
                              (--whole-archive)
zephyr/libzephyr.a(fdtable.c.obj)
                              (--whole-archive)
zephyr/libzephyr.a(hex.c.obj)
                              (--whole-archive)
zephyr/libzephyr.a(printk.c.obj)
                              (--whole-archive)
zephyr/libzephyr.a(rb.c.obj)  (--whole-archive)
zephyr/libzephyr.a(sem.c.obj)
                              (--whole-archive)
zephyr/libzephyr.a(thread_entry.c.obj)
                              (--whole-archive)
zephyr/libzephyr.a(timeutil.c.obj)
                              (--whole-archive)
zephyr/libzephyr.a(heap.c.obj)
                              (--whole-archive)
zephyr/libzephyr.a(heap-validate.c.obj)
                              (--whole-archive)
zephyr/libzephyr.a(bitarray.c.obj)
                              (--whole-archive)
zephyr/libzephyr.a(multi_heap.c.obj)
                              (--whole-archive)
zephyr/libzephyr.a(cbprintf_complete.c.obj)
                              (--whole-archive)
zephyr/libzephyr.a(cbprintf.c.obj)
                              (--whole-archive)
zephyr/libzephyr.a(assert.c.obj)
                              (--whole-archive)
zephyr/libzephyr.a(mpsc_pbuf.c.obj)
                              (--whole-archive)
zephyr/libzephyr.a(configs.c.obj)
                              (--whole-archive)
zephyr/libzephyr.a(soc.c.obj)
                              (--whole-archive)
zephyr/libzephyr.a(stm32cube_hal.c.obj)
                              (--whole-archive)
zephyr/libzephyr.a(soc_config.c.obj)
                              (--whole-archive)
zephyr/libzephyr.a(log_core.c.obj)
                              (--whole-archive)
zephyr/libzephyr.a(log_mgmt.c.obj)
                              (--whole-archive)
zephyr/libzephyr.a(log_cache.c.obj)
                              (--whole-archive)
zephyr/libzephyr.a(log_msg.c.obj)
                              (--whole-archive)
zephyr/libzephyr.a(log_output.c.obj)
                              (--whole-archive)
zephyr/libzephyr.a(log_backend_rtt.c.obj)
                              (--whole-archive)
zephyr/libzephyr.a(log_backend_uart.c.obj)
                              (--whole-archive)
zephyr/libzephyr.a(tracing_none.c.obj)
                              (--whole-archive)
zephyr/arch/common/libarch__common.a(sw_isr_common.c.obj)
                              (--whole-archive)
zephyr/arch/arch/arm/core/aarch32/libarch__arm__core__aarch32.a(cpu_idle.S.obj)
                              (--whole-archive)
zephyr/arch/arch/arm/core/aarch32/libarch__arm__core__aarch32.a(fatal.c.obj)
                              (--whole-archive)
zephyr/arch/arch/arm/core/aarch32/libarch__arm__core__aarch32.a(irq_manage.c.obj)
                              (--whole-archive)
zephyr/arch/arch/arm/core/aarch32/libarch__arm__core__aarch32.a(nmi.c.obj)
                              (--whole-archive)
zephyr/arch/arch/arm/core/aarch32/libarch__arm__core__aarch32.a(nmi_on_reset.S.obj)
                              (--whole-archive)
zephyr/arch/arch/arm/core/aarch32/libarch__arm__core__aarch32.a(prep_c.c.obj)
                              (--whole-archive)
zephyr/arch/arch/arm/core/aarch32/libarch__arm__core__aarch32.a(swap.c.obj)
                              (--whole-archive)
zephyr/arch/arch/arm/core/aarch32/libarch__arm__core__aarch32.a(swap_helper.S.obj)
                              (--whole-archive)
zephyr/arch/arch/arm/core/aarch32/libarch__arm__core__aarch32.a(thread.c.obj)
                              (--whole-archive)
zephyr/arch/arch/arm/core/aarch32/libarch__arm__core__aarch32.a(isr_wrapper.S.obj)
                              (--whole-archive)
zephyr/arch/arch/arm/core/aarch32/cortex_m/libarch__arm__core__aarch32__cortex_m.a(exc_exit.S.obj)
                              (--whole-archive)
zephyr/arch/arch/arm/core/aarch32/cortex_m/libarch__arm__core__aarch32__cortex_m.a(fault.c.obj)
                              (--whole-archive)
zephyr/arch/arch/arm/core/aarch32/cortex_m/libarch__arm__core__aarch32__cortex_m.a(fault_s.S.obj)
                              (--whole-archive)
zephyr/arch/arch/arm/core/aarch32/cortex_m/libarch__arm__core__aarch32__cortex_m.a(fpu.c.obj)
                              (--whole-archive)
zephyr/arch/arch/arm/core/aarch32/cortex_m/libarch__arm__core__aarch32__cortex_m.a(irq_init.c.obj)
                              (--whole-archive)
zephyr/arch/arch/arm/core/aarch32/cortex_m/libarch__arm__core__aarch32__cortex_m.a(reset.S.obj)
                              (--whole-archive)
zephyr/arch/arch/arm/core/aarch32/cortex_m/libarch__arm__core__aarch32__cortex_m.a(scb.c.obj)
                              (--whole-archive)
[...]
Memory Configuration

Name             Origin             Length             Attributes
FLASH            0x0000000008000000 0x0000000000010000 xr
RAM              0x0000000020000000 0x0000000000005000 xw
IDT_LIST         0x00000000fffff7ff 0x0000000000000800 xw
*default*        0x0000000000000000 0xffffffffffffffff

Linker script and memory map

LOAD zephyr/CMakeFiles/zephyr_final.dir/misc/empty_file.c.obj
LOAD zephyr/CMakeFiles/zephyr_final.dir/isr_tables.c.obj
LOAD zephyr/CMakeFiles/offsets.dir/./arch/arm/core/offsets/offsets.c.obj
LOAD app/libapp.a
LOAD zephyr/libzephyr.a
LOAD zephyr/arch/common/libarch__common.a
LOAD zephyr/arch/arch/arm/core/aarch32/libarch__arm__core__aarch32.a
LOAD zephyr/arch/arch/arm/core/aarch32/cortex_m/libarch__arm__core__aarch32__cortex_m.a
LOAD zephyr/lib/libc/minimal/liblib__libc__minimal.a
LOAD zephyr/lib/libc/common/liblib__libc__common.a
LOAD zephyr/drivers/interrupt_controller/libdrivers__interrupt_controller.a
LOAD zephyr/drivers/clock_control/libdrivers__clock_control.a
LOAD zephyr/drivers/console/libdrivers__console.a
LOAD zephyr/drivers/gpio/libdrivers__gpio.a
LOAD zephyr/drivers/pinctrl/libdrivers__pinctrl.a
LOAD zephyr/drivers/reset/libdrivers__reset.a
LOAD zephyr/drivers/serial/libdrivers__serial.a
LOAD zephyr/drivers/timer/libdrivers__timer.a
LOAD modules/stm32/stm32cube/lib..__modules__hal__stm32__stm32cube.a
LOAD modules/segger/libmodules__segger.a
LOAD modules/drivers/gpio_driver/lib..__..__my_driver_gpio__drivers__gpio_driver.a
LOAD zephyr/kernel/libkernel.a
LOAD d:/desktop/source/zephyr-sdk-0.16.1/arm-zephyr-eabi/bin/../lib/gcc/arm-zephyr-eabi/12.2.0/thumb/v7-m/nofp\libgcc.a
LOAD zephyr/arch/common/libisr_tables.a
                0x0000000000000004                _region_min_align = 0x4

.rel.plt        0x0000000008000000        0x0
 *(SORT_BY_ALIGNMENT(.rel.plt))
                [!provide]                        PROVIDE (__rel_iplt_start = .)
 *(SORT_BY_ALIGNMENT(.rel.iplt))
 .rel.iplt      0x0000000008000000        0x0 zephyr/CMakeFiles/zephyr_final.dir/isr_tables.c.obj
                [!provide]                        PROVIDE (__rel_iplt_end = .)

.rela.plt       0x0000000000000000        0x0
 *(SORT_BY_ALIGNMENT(.rela.plt))
                [!provide]                        PROVIDE (__rela_iplt_start = .)
 *(SORT_BY_ALIGNMENT(.rela.iplt))
                [!provide]                        PROVIDE (__rela_iplt_end = .)

.rel.dyn
 *(SORT_BY_ALIGNMENT(.rel.*))

.rela.dyn
 *(SORT_BY_ALIGNMENT(.rela.*))

/DISCARD/
 *(SORT_BY_ALIGNMENT(.plt))

/DISCARD/
 *(SORT_BY_ALIGNMENT(.iplt))
                0x0000000008000000                __rom_region_start = 0x8000000

rom_start       0x0000000008000000      0x130
                0x0000000008000000                __rom_start_address = .
                0x0000000008000000                . = (. + (0x0 - (. - __rom_start_address)))
                0x0000000008000000                . = ALIGN (0x4)
                0x0000000008000000                . = ALIGN (0x80)
                0x0000000008000000                . = ALIGN (0x200)
                0x0000000008000000                _vector_start = .
 *(SORT_BY_ALIGNMENT(.exc_vector_table))
 *(SORT_BY_ALIGNMENT(.exc_vector_table.*))
 .exc_vector_table._vector_table_section
                0x0000000008000000       0x40 zephyr/arch/arch/arm/core/aarch32/cortex_m/libarch__arm__core__aarch32__cortex_m.a(vector_table.S.obj)
                0x0000000008000000                _vector_table
 *(SORT_BY_ALIGNMENT(.vectors))
                0x0000000008000130                _vector_end = .
                0x0000000008000040                . = ALIGN (0x4)
 *(SORT_BY_ALIGNMENT(.gnu.linkonce.irq_vector_table*))
 .gnu.linkonce.irq_vector_table
                0x0000000008000040       0xf0 zephyr/CMakeFiles/zephyr_final.dir/isr_tables.c.obj
                0x0000000008000040                _irq_vector_table
                0x0000000008000130                _vector_end = .

text            0x0000000008000130     0x5844
                0x0000000008000130                __text_region_start = .
 *(SORT_BY_ALIGNMENT(.text))
 .text          0x0000000008000130       0x30 d:/desktop/source/zephyr-sdk-0.16.1/arm-zephyr-eabi/bin/../lib/gcc/arm-zephyr-eabi/12.2.0/thumb/v7-m/nofp\libgcc.a(_aeabi_uldivmod.o)
                0x0000000008000130                __aeabi_uldivmod
 .text          0x0000000008000160        0x4 d:/desktop/source/zephyr-sdk-0.16.1/arm-zephyr-eabi/bin/../lib/gcc/arm-zephyr-eabi/12.2.0/thumb/v7-m/nofp\libgcc.a(_dvmd_tls.o)
                0x0000000008000160                __aeabi_idiv0
                0x0000000008000160                __aeabi_ldiv0
 .text          0x0000000008000164      0x2a0 d:/desktop/source/zephyr-sdk-0.16.1/arm-zephyr-eabi/bin/../lib/gcc/arm-zephyr-eabi/12.2.0/thumb/v7-m/nofp\libgcc.a(_udivmoddi4.o)
                0x0000000008000164                __udivmoddi4
 *(SORT_BY_ALIGNMENT(.text.*))
 .text.main     0x0000000008000404       0x44 app/libapp.a(main.c.obj)
                0x0000000008000404                main
 .text.cbvprintf_package
                0x0000000008000448      0x3a4 zephyr/libzephyr.a(cbprintf_packaged.c.obj)
                0x0000000008000448                cbvprintf_package
 .text.cbprintf_package_convert
                0x00000000080007ec      0x3bc zephyr/libzephyr.a(cbprintf_packaged.c.obj)
                0x00000000080007ec                cbprintf_package_convert
 .text.__printk_hook_install
                0x0000000008000ba8        0xc zephyr/libzephyr.a(printk.c.obj)
                0x0000000008000ba8                __printk_hook_install
 .text.vsnprintk
                0x0000000008000bb4       0x2c zephyr/libzephyr.a(printk.c.obj)
                0x0000000008000bb4                vsnprintk
 .text.z_cbvprintf_impl
                0x0000000008000be0      0x764 zephyr/libzephyr.a(cbprintf_complete.c.obj)
                0x0000000008000be0                z_cbvprintf_impl
 .text.stm32f1_init
                0x0000000008001344       0x14 zephyr/libzephyr.a(soc.c.obj)
 .text.st_stm32_common_config
                0x0000000008001358       0x30 zephyr/libzephyr.a(soc_config.c.obj)
 .text.activate_foreach_backend
                0x0000000008001388       0x64 zephyr/libzephyr.a(log_core.c.obj)
 .text.enable_logger
                0x00000000080013ec       0x5c zephyr/libzephyr.a(log_core.c.obj)
 .text.log_process_thread_timer_expiry_fn
                0x0000000008001448        0xc zephyr/libzephyr.a(log_core.c.obj)
 .text.z_log_init
                0x0000000008001454       0x8c zephyr/libzephyr.a(log_core.c.obj)
 .text.log_format_func_t_get
                0x00000000080014e0        0xc zephyr/libzephyr.a(log_core.c.obj)
                0x00000000080014e0                log_format_func_t_get
 .text.log_set_timestamp_func
                0x00000000080014ec       0x20 zephyr/libzephyr.a(log_core.c.obj)
                0x00000000080014ec                log_set_timestamp_func
 .text.z_log_notify_backend_enabled
                0x000000000800150c       0x1c zephyr/libzephyr.a(log_core.c.obj)
                0x000000000800150c                z_log_notify_backend_enabled
 .text.z_log_dropped
                0x0000000008001528       0x30 zephyr/libzephyr.a(log_core.c.obj)
                0x0000000008001528                z_log_dropped
 .text.z_log_dropped_read_and_clear
                0x0000000008001558       0x20 zephyr/libzephyr.a(log_core.c.obj)
                0x0000000008001558                z_log_dropped_read_and_clear
 .text.dropped_notify
                0x0000000008001578       0x30 zephyr/libzephyr.a(log_core.c.obj)
                0x0000000008001578                dropped_notify
 .text.z_log_msg_init
                0x00000000080015a8       0x20 zephyr/libzephyr.a(log_core.c.obj)
                0x00000000080015a8                z_log_msg_init
 .text.log_core_init
                0x00000000080015c8       0x34 zephyr/libzephyr.a(log_core.c.obj)
                0x00000000080015c8                log_core_init
 .text.z_log_msg_alloc
                0x00000000080015fc       0x10 zephyr/libzephyr.a(log_core.c.obj)
                0x00000000080015fc                z_log_msg_alloc
 .text.z_log_msg_local_claim
                0x000000000800160c        0xc zephyr/libzephyr.a(log_core.c.obj)
                0x000000000800160c                z_log_msg_local_claim
 .text.z_log_msg_free
                0x0000000008001618       0x10 zephyr/libzephyr.a(log_core.c.obj)
                0x0000000008001618                z_log_msg_free
 .text.z_log_msg_pending
                0x0000000008001628        0xc zephyr/libzephyr.a(log_core.c.obj)
                0x0000000008001628                z_log_msg_pending
 .text.z_impl_log_process
                0x0000000008001634       0xb0 zephyr/libzephyr.a(log_core.c.obj)
                0x0000000008001634                z_impl_log_process
 .text.z_impl_log_panic
                0x00000000080016e4       0x44 zephyr/libzephyr.a(log_core.c.obj)
                0x00000000080016e4                z_impl_log_panic
 .text.log_process_thread_func
                0x0000000008001728       0x9c zephyr/libzephyr.a(log_core.c.obj)
 .text.z_log_msg_post_finalize
                0x00000000080017c4       0x78 zephyr/libzephyr.a(log_core.c.obj)
 .text.z_log_msg_commit
                0x000000000800183c       0x24 zephyr/libzephyr.a(log_core.c.obj)
                0x000000000800183c                z_log_msg_commit
 .text.log_source_name_get
                0x0000000008001860       0x1c zephyr/libzephyr.a(log_mgmt.c.obj)
                0x0000000008001860                log_source_name_get
 .text.log_backend_enable
                0x000000000800187c       0x28 zephyr/libzephyr.a(log_mgmt.c.obj)
                0x000000000800187c                log_backend_enable
 .text.z_impl_z_log_msg_static_create
                0x00000000080018a4      0x108 zephyr/libzephyr.a(log_msg.c.obj)
                0x00000000080018a4                z_impl_z_log_msg_static_create
 .text.z_impl_z_log_msg_runtime_vcreate
                0x00000000080019ac       0x8c zephyr/libzephyr.a(log_msg.c.obj)
                0x00000000080019ac                z_impl_z_log_msg_runtime_vcreate
 .text.print_formatted
                0x0000000008001a38       0x24 zephyr/libzephyr.a(log_output.c.obj)
 .text.newline_print
                0x0000000008001a5c       0x1c zephyr/libzephyr.a(log_output.c.obj)
 .text.log_output_process
                0x0000000008001a78      0x2a4 zephyr/libzephyr.a(log_output.c.obj)
                0x0000000008001a78                log_output_process
 .text.log_output_msg_process
                0x0000000008001d1c       0x6c zephyr/libzephyr.a(log_output.c.obj)
                0x0000000008001d1c                log_output_msg_process
 .text.log_output_dropped_process
                0x0000000008001d88       0x58 zephyr/libzephyr.a(log_output.c.obj)
                0x0000000008001d88                log_output_dropped_process
 .text.log_output_timestamp_freq_set
                0x0000000008001de0       0x2c zephyr/libzephyr.a(log_output.c.obj)
                0x0000000008001de0                log_output_timestamp_freq_set
 .text.log_backend_rtt_init
                0x0000000008001e0c        0xc zephyr/libzephyr.a(log_backend_rtt.c.obj)
 .text.format_set
                0x0000000008001e18        0xc zephyr/libzephyr.a(log_backend_rtt.c.obj)
 .text.panic    0x0000000008001e24       0x14 zephyr/libzephyr.a(log_backend_rtt.c.obj)
 .text.dropped  0x0000000008001e38        0xc zephyr/libzephyr.a(log_backend_rtt.c.obj)
 .text.process  0x0000000008001e44       0x24 zephyr/libzephyr.a(log_backend_rtt.c.obj)
 .text.on_failed_write
                0x0000000008001e68       0x28 zephyr/libzephyr.a(log_backend_rtt.c.obj)
 .text.data_out_block_mode
                0x0000000008001e90       0x84 zephyr/libzephyr.a(log_backend_rtt.c.obj)
 .text.format_set
                0x0000000008001f14        0xc zephyr/libzephyr.a(log_backend_uart.c.obj)
 .text.panic    0x0000000008001f20       0x14 zephyr/libzephyr.a(log_backend_uart.c.obj)
 .text.dropped  0x0000000008001f34        0xc zephyr/libzephyr.a(log_backend_uart.c.obj)
 .text.process  0x0000000008001f40       0x24 zephyr/libzephyr.a(log_backend_uart.c.obj)
 .text.char_out
                0x0000000008001f64       0x24 zephyr/libzephyr.a(log_backend_uart.c.obj)
 .text.z_arm_cpu_idle_init
                0x0000000008001f88        0xc zephyr/arch/arch/arm/core/aarch32/libarch__arm__core__aarch32.a(cpu_idle.S.obj)
                0x0000000008001f88                z_arm_cpu_idle_init
 .text.arch_cpu_idle
                0x0000000008001f94       0x1c zephyr/arch/arch/arm/core/aarch32/libarch__arm__core__aarch32.a(cpu_idle.S.obj)
                0x0000000008001f94                arch_cpu_idle
 .text.z_arm_fatal_error
                0x0000000008001fb0       0xc8 zephyr/arch/arch/arm/core/aarch32/libarch__arm__core__aarch32.a(fatal.c.obj)
                0x0000000008001fb0                z_arm_fatal_error
 .text.arch_irq_enable
                0x0000000008002078       0x1c zephyr/arch/arch/arm/core/aarch32/libarch__arm__core__aarch32.a(irq_manage.c.obj)
                0x0000000008002078                arch_irq_enable
 .text.z_arm_irq_priority_set
                0x0000000008002094       0x2c zephyr/arch/arch/arm/core/aarch32/libarch__arm__core__aarch32.a(irq_manage.c.obj)
                0x0000000008002094                z_arm_irq_priority_set
 .text.z_SysNmiOnReset
                0x00000000080020c0        0x8 zephyr/arch/arch/arm/core/aarch32/libarch__arm__core__aarch32.a(nmi_on_reset.S.obj)
                0x00000000080020c0                z_SysNmiOnReset
 .text.z_arm_prep_c
                0x00000000080020c8       0x30 zephyr/arch/arch/arm/core/aarch32/libarch__arm__core__aarch32.a(prep_c.c.obj)
                0x00000000080020c8                z_arm_prep_c
 .text.arch_swap
                0x00000000080020f8       0x34 zephyr/arch/arch/arm/core/aarch32/libarch__arm__core__aarch32.a(swap.c.obj)
                0x00000000080020f8                arch_swap
 .text.z_arm_pendsv
                0x000000000800212c       0x48 zephyr/arch/arch/arm/core/aarch32/libarch__arm__core__aarch32.a(swap_helper.S.obj)
                0x000000000800212c                z_arm_pendsv
 .text.z_arm_svc
                0x0000000008002174       0x20 zephyr/arch/arch/arm/core/aarch32/libarch__arm__core__aarch32.a(swap_helper.S.obj)
                0x0000000008002174                z_arm_svc
 .text.arch_new_thread
                0x0000000008002194       0x38 zephyr/arch/arch/arm/core/aarch32/libarch__arm__core__aarch32.a(thread.c.obj)
                0x0000000008002194                arch_new_thread
 .text.arch_switch_to_main_thread
                0x00000000080021cc       0x24 zephyr/arch/arch/arm/core/aarch32/libarch__arm__core__aarch32.a(thread.c.obj)
                0x00000000080021cc                arch_switch_to_main_thread
 .text._isr_wrapper
                0x00000000080021f0       0x28 zephyr/arch/arch/arm/core/aarch32/libarch__arm__core__aarch32.a(isr_wrapper.S.obj)
                0x00000000080021f0                _isr_wrapper
 .text._HandlerModeExit
                0x0000000008002218       0x1c zephyr/arch/arch/arm/core/aarch32/cortex_m/libarch__arm__core__aarch32__cortex_m.a(exc_exit.S.obj)
                0x0000000008002218                z_arm_int_exit
                0x0000000008002218                z_arm_exc_exit
 .text.mem_manage_fault.constprop.0
                0x0000000008002234      0x114 zephyr/arch/arch/arm/core/aarch32/cortex_m/libarch__arm__core__aarch32__cortex_m.a(fault.c.obj)
 .text.bus_fault.constprop.0
                0x0000000008002348      0x130 zephyr/arch/arch/arm/core/aarch32/cortex_m/libarch__arm__core__aarch32__cortex_m.a(fault.c.obj)
 .text.usage_fault.constprop.0
                0x0000000008002478      0x104 zephyr/arch/arch/arm/core/aarch32/cortex_m/libarch__arm__core__aarch32__cortex_m.a(fault.c.obj)
 .text.z_arm_fault
                0x000000000800257c      0x214 zephyr/arch/arch/arm/core/aarch32/cortex_m/libarch__arm__core__aarch32__cortex_m.a(fault.c.obj)
                0x000000000800257c                z_arm_fault
 .text.z_arm_fault_init
                0x0000000008002790       0x10 zephyr/arch/arch/arm/core/aarch32/cortex_m/libarch__arm__core__aarch32__cortex_m.a(fault.c.obj)
                0x0000000008002790                z_arm_fault_init
 .text.__fault  0x00000000080027a0       0x14 zephyr/arch/arch/arm/core/aarch32/cortex_m/libarch__arm__core__aarch32__cortex_m.a(fault_s.S.obj)
                0x00000000080027a0                z_arm_usage_fault
                0x00000000080027a0                z_arm_mpu_fault
                0x00000000080027a0                z_arm_exc_spurious
                0x00000000080027a0                z_arm_debug_monitor
                0x00000000080027a0                z_arm_hard_fault
                0x00000000080027a0                z_arm_bus_fault
 .text.z_arm_interrupt_init
                0x00000000080027b4       0x18 zephyr/arch/arch/arm/core/aarch32/cortex_m/libarch__arm__core__aarch32__cortex_m.a(irq_init.c.obj)
                0x00000000080027b4                z_arm_interrupt_init
 .text._reset_section
                0x00000000080027cc       0x2c zephyr/arch/arch/arm/core/aarch32/cortex_m/libarch__arm__core__aarch32__cortex_m.a(reset.S.obj)
                0x00000000080027cc                __start
                0x00000000080027cc                z_arm_reset
 .text.z_impl_k_thread_abort
                0x00000000080027f8       0x2c zephyr/arch/arch/arm/core/aarch32/cortex_m/libarch__arm__core__aarch32__cortex_m.a(thread_abort.c.obj)
                0x00000000080027f8                z_impl_k_thread_abort
 .text.__stdout_hook_install
                0x0000000008002824        0xc zephyr/lib/libc/minimal/liblib__libc__minimal.a(stdout_console.c.obj)
                0x0000000008002824                __stdout_hook_install
 .text.stm32_exti_isr
                0x0000000008002830       0x4c zephyr/drivers/interrupt_controller/libdrivers__interrupt_controller.a(intc_exti_stm32.c.obj)
 .text.stm32_fill_irq_table
                0x000000000800287c       0x18 zephyr/drivers/interrupt_controller/libdrivers__interrupt_controller.a(intc_exti_stm32.c.obj)
 .text.stm32_exti_enable
                0x0000000008002894       0x24 zephyr/drivers/interrupt_controller/libdrivers__interrupt_controller.a(intc_exti_stm32.c.obj)
                0x0000000008002894                stm32_exti_enable
 .text.stm32_exti_disable
                0x00000000080028b8       0x18 zephyr/drivers/interrupt_controller/libdrivers__interrupt_controller.a(intc_exti_stm32.c.obj)
                0x00000000080028b8                stm32_exti_disable
 .text.stm32_exti_trigger
                0x00000000080028d0       0x60 zephyr/drivers/interrupt_controller/libdrivers__interrupt_controller.a(intc_exti_stm32.c.obj)
                0x00000000080028d0                stm32_exti_trigger
 .text.stm32_exti_set_callback
                0x0000000008002930       0x30 zephyr/drivers/interrupt_controller/libdrivers__interrupt_controller.a(intc_exti_stm32.c.obj)
                0x0000000008002930                stm32_exti_set_callback
 .text.stm32_exti_unset_callback
                0x0000000008002960       0x14 zephyr/drivers/interrupt_controller/libdrivers__interrupt_controller.a(intc_exti_stm32.c.obj)
                0x0000000008002960                stm32_exti_unset_callback
 .text.stm32_clock_control_get_subsys_rate
                0x0000000008002974       0x44 zephyr/drivers/clock_control/libdrivers__clock_control.a(clock_stm32_ll_common.c.obj)
 .text.stm32_clock_control_init
                0x00000000080029b8       0xe8 zephyr/drivers/clock_control/libdrivers__clock_control.a(clock_stm32_ll_common.c.obj)
                0x00000000080029b8                stm32_clock_control_init
 .text.config_pll_sysclock
                0x0000000008002aa0       0x1c zephyr/drivers/clock_control/libdrivers__clock_control.a(clock_stm32f1.c.obj)
                0x0000000008002aa0                config_pll_sysclock
 .text.rtt_console_init
                0x0000000008002abc       0x18 zephyr/drivers/console/libdrivers__console.a(rtt_console.c.obj)
 .text.rtt_console_out
                0x0000000008002ad4       0x54 zephyr/drivers/console/libdrivers__console.a(rtt_console.c.obj)
 .text.uart_console_init
                0x0000000008002b28       0x28 zephyr/drivers/console/libdrivers__console.a(uart_console.c.obj)
 .text.console_out
                0x0000000008002b50       0x28 zephyr/drivers/console/libdrivers__console.a(uart_console.c.obj)
 .text.gpio_stm32_init
                0x0000000008002b78       0x30 zephyr/drivers/gpio/libdrivers__gpio.a(gpio_stm32.c.obj)
 .text.gpio_stm32_pin_interrupt_configure
                0x0000000008002ba8       0xe0 zephyr/drivers/gpio/libdrivers__gpio.a(gpio_stm32.c.obj)
 .text.pinctrl_configure_pins
                0x0000000008002c88       0xf4 zephyr/drivers/pinctrl/libdrivers__pinctrl.a(pinctrl_stm32.c.obj)
                0x0000000008002c88                pinctrl_configure_pins
 .text.uart_stm32_irq_err_enable
                0x0000000008002d7c       0x4c zephyr/drivers/serial/libdrivers__serial.a(uart_stm32.c.obj)
 .text.uart_stm32_irq_err_disable
                0x0000000008002dc8       0x4c zephyr/drivers/serial/libdrivers__serial.a(uart_stm32.c.obj)
 .text.uart_stm32_set_baudrate.part.0
                0x0000000008002e14       0x28 zephyr/drivers/serial/libdrivers__serial.a(uart_stm32.c.obj)
 .text.uart_stm32_configure
                0x0000000008002e3c      0x15c zephyr/drivers/serial/libdrivers__serial.a(uart_stm32.c.obj)
 .text.uart_stm32_init
                0x0000000008002f98      0x160 zephyr/drivers/serial/libdrivers__serial.a(uart_stm32.c.obj)
 .text.elapsed  0x00000000080030f8       0x3c zephyr/drivers/timer/libdrivers__timer.a(cortex_m_systick.c.obj)
 .text.sys_clock_driver_init
                0x0000000008003134       0x34 zephyr/drivers/timer/libdrivers__timer.a(cortex_m_systick.c.obj)
 .text.sys_clock_isr
                0x0000000008003168       0x54 zephyr/drivers/timer/libdrivers__timer.a(cortex_m_systick.c.obj)
                0x0000000008003168                sys_clock_isr
 .text.sys_clock_set_timeout
                0x00000000080031bc       0xf4 zephyr/drivers/timer/libdrivers__timer.a(cortex_m_systick.c.obj)
                0x00000000080031bc                sys_clock_set_timeout
 .text.sys_clock_elapsed
                0x00000000080032b0       0x3c zephyr/drivers/timer/libdrivers__timer.a(cortex_m_systick.c.obj)
                0x00000000080032b0                sys_clock_elapsed
 .text.sys_clock_cycle_get_32
                0x00000000080032ec       0x2c zephyr/drivers/timer/libdrivers__timer.a(cortex_m_systick.c.obj)
                0x00000000080032ec                sys_clock_cycle_get_32
 .text.HAL_RCC_GetSysClockFreq
                0x0000000008003318       0x74 modules/stm32/stm32cube/lib..__modules__hal__stm32__stm32cube.a(stm32f1xx_hal_rcc.c.obj)
                0x0000000008003318                HAL_RCC_GetSysClockFreq
 .text.LL_SetFlashLatency
                0x000000000800338c       0x4c modules/stm32/stm32cube/lib..__modules__hal__stm32__stm32cube.a(stm32f1xx_ll_utils.c.obj)
                0x000000000800338c                LL_SetFlashLatency
 .text._DoInit  0x00000000080033d8       0x60 modules/segger/libmodules__segger.a(SEGGER_RTT.c.obj)
 .text.SEGGER_RTT_WriteSkipNoLock
                0x0000000008003438       0x88 modules/segger/libmodules__segger.a(SEGGER_RTT.c.obj)
                0x0000000008003438                SEGGER_RTT_WriteSkipNoLock
 .text.SEGGER_RTT_WriteNoLock
                0x00000000080034c0       0x58 modules/segger/libmodules__segger.a(SEGGER_RTT.c.obj)
                0x00000000080034c0                SEGGER_RTT_WriteNoLock
 .text.SEGGER_RTT_HasDataUp
                0x0000000008003518       0x14 modules/segger/libmodules__segger.a(SEGGER_RTT.c.obj)
                0x0000000008003518                SEGGER_RTT_HasDataUp
 .text.zephyr_rtt_mutex_lock
                0x000000000800352c       0x14 modules/segger/libmodules__segger.a(SEGGER_RTT_zephyr.c.obj)
                0x000000000800352c                zephyr_rtt_mutex_lock
 .text.zephyr_rtt_mutex_unlock
                0x0000000008003540        0xc modules/segger/libmodules__segger.a(SEGGER_RTT_zephyr.c.obj)
                0x0000000008003540                zephyr_rtt_mutex_unlock
 .text.z_impl_k_busy_wait
                0x000000000800354c       0x30 zephyr/kernel/libkernel.a(busy_wait.c.obj)
                0x000000000800354c                z_impl_k_busy_wait
 .text.k_sys_fatal_error_handler
                0x000000000800357c       0x30 zephyr/kernel/libkernel.a(fatal.c.obj)
                0x000000000800357c                k_sys_fatal_error_handler
 .text.z_fatal_error
                0x00000000080035ac       0xfc zephyr/kernel/libkernel.a(fatal.c.obj)
                0x00000000080035ac                z_fatal_error
 .text.z_sys_init_run_level
                0x00000000080036a8       0x48 zephyr/kernel/libkernel.a(init.c.obj)
 .text.bg_thread_main
                0x00000000080036f0       0x34 zephyr/kernel/libkernel.a(init.c.obj)
 .text.z_bss_zero
                0x0000000008003724       0x18 zephyr/kernel/libkernel.a(init.c.obj)
                0x0000000008003724                z_bss_zero
 .text.z_init_cpu
                0x000000000800373c       0x84 zephyr/kernel/libkernel.a(init.c.obj)
                0x000000000800373c                z_init_cpu
 .text.z_cstart
                0x00000000080037c0       0xd0 zephyr/kernel/libkernel.a(init.c.obj)
                0x00000000080037c0                z_cstart
 .text.z_setup_new_thread
                0x0000000008003890       0x54 zephyr/kernel/libkernel.a(thread.c.obj)
                0x0000000008003890                z_setup_new_thread
 .text.z_impl_k_thread_create
                0x00000000080038e4       0x58 zephyr/kernel/libkernel.a(thread.c.obj)
                0x00000000080038e4                z_impl_k_thread_create
 .text.z_init_static_threads
                0x000000000800393c       0x98 zephyr/kernel/libkernel.a(thread.c.obj)
                0x000000000800393c                z_init_static_threads
 .text.z_impl_k_mutex_lock
                0x00000000080039d4       0xf4 zephyr/kernel/libkernel.a(mutex.c.obj)
                0x00000000080039d4                z_impl_k_mutex_lock
 .text.z_impl_k_mutex_unlock
                0x0000000008003ac8       0x78 zephyr/kernel/libkernel.a(mutex.c.obj)
                0x0000000008003ac8                z_impl_k_mutex_unlock
 .text.z_impl_k_sem_give
                0x0000000008003b40       0x48 zephyr/kernel/libkernel.a(sem.c.obj)
                0x0000000008003b40                z_impl_k_sem_give
 .text.z_impl_k_sem_take
                0x0000000008003b88       0x50 zephyr/kernel/libkernel.a(sem.c.obj)
                0x0000000008003b88                z_impl_k_sem_take
 .text.sliceable
                0x0000000008003bd8       0x3c zephyr/kernel/libkernel.a(sched.c.obj)
 .text.slice_timeout
                0x0000000008003c14       0x20 zephyr/kernel/libkernel.a(sched.c.obj)
 .text.z_reset_time_slice
                0x0000000008003c34       0x50 zephyr/kernel/libkernel.a(sched.c.obj)
                0x0000000008003c34                z_reset_time_slice
 .text.update_cache
                0x0000000008003c84       0x3c zephyr/kernel/libkernel.a(sched.c.obj)
 .text.move_thread_to_end_of_prio_q
                0x0000000008003cc0       0x74 zephyr/kernel/libkernel.a(sched.c.obj)
 .text.ready_thread
                0x0000000008003d34       0x68 zephyr/kernel/libkernel.a(sched.c.obj)
 .text.unready_thread
                0x0000000008003d9c       0x30 zephyr/kernel/libkernel.a(sched.c.obj)
 .text.pend_locked
                0x0000000008003dcc       0x30 zephyr/kernel/libkernel.a(sched.c.obj)
 .text.z_time_slice
                0x0000000008003dfc       0x60 zephyr/kernel/libkernel.a(sched.c.obj)
                0x0000000008003dfc                z_time_slice
 .text.z_pend_curr
                0x0000000008003e5c       0x3c zephyr/kernel/libkernel.a(sched.c.obj)
                0x0000000008003e5c                z_pend_curr
 .text.z_set_prio
                0x0000000008003e98       0x8c zephyr/kernel/libkernel.a(sched.c.obj)
                0x0000000008003e98                z_set_prio
 .text.z_reschedule
                0x0000000008003f24       0x24 zephyr/kernel/libkernel.a(sched.c.obj)
                0x0000000008003f24                z_reschedule
 .text.z_sched_start
                0x0000000008003f48       0x3c zephyr/kernel/libkernel.a(sched.c.obj)
                0x0000000008003f48                z_sched_start
 .text.z_impl_k_thread_suspend
                0x0000000008003f84       0x64 zephyr/kernel/libkernel.a(sched.c.obj)
                0x0000000008003f84                z_impl_k_thread_suspend
 .text.k_sched_lock
                0x0000000008003fe8       0x28 zephyr/kernel/libkernel.a(sched.c.obj)
                0x0000000008003fe8                k_sched_lock
 .text.k_sched_unlock
                0x0000000008004010       0x38 zephyr/kernel/libkernel.a(sched.c.obj)
                0x0000000008004010                k_sched_unlock
 .text.z_sched_init
                0x0000000008004048       0x10 zephyr/kernel/libkernel.a(sched.c.obj)
                0x0000000008004048                z_sched_init
 .text.z_impl_k_yield
                0x0000000008004058       0x7c zephyr/kernel/libkernel.a(sched.c.obj)
                0x0000000008004058                z_impl_k_yield
 .text.z_tick_sleep
                0x00000000080040d4       0x88 zephyr/kernel/libkernel.a(sched.c.obj)
 .text.z_impl_k_sleep
                0x000000000800415c       0x30 zephyr/kernel/libkernel.a(sched.c.obj)
                0x000000000800415c                z_impl_k_sleep
 .text.z_impl_z_current_get
                0x000000000800418c        0xc zephyr/kernel/libkernel.a(sched.c.obj)
                0x000000000800418c                z_impl_z_current_get
 .text.z_thread_abort
                0x0000000008004198       0xc0 zephyr/kernel/libkernel.a(sched.c.obj)
                0x0000000008004198                z_thread_abort
 .text.z_data_copy
                0x0000000008004258       0x34 zephyr/kernel/libkernel.a(xip.c.obj)
                0x0000000008004258                z_data_copy
 .text.elapsed  0x000000000800428c       0x14 zephyr/kernel/libkernel.a(timeout.c.obj)
 .text.next_timeout
                0x00000000080042a0       0x40 zephyr/kernel/libkernel.a(timeout.c.obj)
 .text.remove_timeout
                0x00000000080042e0       0x38 zephyr/kernel/libkernel.a(timeout.c.obj)
 .text.z_add_timeout
                0x0000000008004318       0xec zephyr/kernel/libkernel.a(timeout.c.obj)
                0x0000000008004318                z_add_timeout
 .text.sys_clock_announce
                0x0000000008004404       0xd4 zephyr/kernel/libkernel.a(timeout.c.obj)
                0x0000000008004404                sys_clock_announce
 .text.sys_clock_tick_get
                0x00000000080044d8       0x34 zephyr/kernel/libkernel.a(timeout.c.obj)
                0x00000000080044d8                sys_clock_tick_get
 .text.z_timer_expiration_handler
                0x000000000800450c       0xe4 zephyr/kernel/libkernel.a(timer.c.obj)
                0x000000000800450c                z_timer_expiration_handler
 .text.z_impl_k_timer_start
                0x00000000080045f0       0x60 zephyr/kernel/libkernel.a(timer.c.obj)
                0x00000000080045f0                z_impl_k_timer_start
 .text.boot_banner
                0x0000000008004650        0xc zephyr/kernel/libkernel.a(banner.c.obj)
                0x0000000008004650                boot_banner
 .text._OffsetAbsSyms
                0x000000000800465c        0x2 zephyr/CMakeFiles/offsets.dir/./arch/arm/core/offsets/offsets.c.obj
                0x000000000800465c                _OffsetAbsSyms
 .text.cbpprintf_external
                0x000000000800465e       0x62 zephyr/libzephyr.a(cbprintf_packaged.c.obj)
                0x000000000800465e                cbpprintf_external
 .text.is_ptr   0x00000000080046c0       0x4a zephyr/libzephyr.a(cbprintf_packaged.c.obj)
                0x00000000080046c0                is_ptr
 .text.arch_printk_char_out
                0x000000000800470a        0x4 zephyr/libzephyr.a(printk.c.obj)
                0x000000000800470a                arch_printk_char_out
 .text.str_out  0x000000000800470e       0x26 zephyr/libzephyr.a(printk.c.obj)
 .text.printk   0x0000000008004734       0x1a zephyr/libzephyr.a(printk.c.obj)
                0x0000000008004734                printk
 .text.snprintk
                0x000000000800474e       0x1a zephyr/libzephyr.a(printk.c.obj)
                0x000000000800474e                snprintk
 .text.z_thread_entry
                0x0000000008004768       0x14 zephyr/libzephyr.a(thread_entry.c.obj)
                0x0000000008004768                z_thread_entry
 .text.encode_uint
                0x000000000800477c       0x8c zephyr/libzephyr.a(cbprintf_complete.c.obj)
 .text.outs     0x0000000008004808       0x2e zephyr/libzephyr.a(cbprintf_complete.c.obj)
 .text.free_space
                0x0000000008004836       0x26 zephyr/libzephyr.a(mpsc_pbuf.c.obj)
 .text.get_usage
                0x000000000800485c       0x22 zephyr/libzephyr.a(mpsc_pbuf.c.obj)
 .text.idx_inc  0x000000000800487e       0x1c zephyr/libzephyr.a(mpsc_pbuf.c.obj)
 .text.rd_idx_inc
                0x000000000800489a       0x18 zephyr/libzephyr.a(mpsc_pbuf.c.obj)
 .text.add_skip_item
                0x00000000080048b2       0x3e zephyr/libzephyr.a(mpsc_pbuf.c.obj)
 .text.drop_item_locked
                0x00000000080048f0       0xee zephyr/libzephyr.a(mpsc_pbuf.c.obj)
 .text.post_drop_action
                0x00000000080049de       0x36 zephyr/libzephyr.a(mpsc_pbuf.c.obj)
 .text.max_utilization_update
                0x0000000008004a14       0x1a zephyr/libzephyr.a(mpsc_pbuf.c.obj)
 .text.mpsc_pbuf_init
                0x0000000008004a2e       0x42 zephyr/libzephyr.a(mpsc_pbuf.c.obj)
                0x0000000008004a2e                mpsc_pbuf_init
 .text.mpsc_pbuf_alloc
                0x0000000008004a70       0xfc zephyr/libzephyr.a(mpsc_pbuf.c.obj)
                0x0000000008004a70                mpsc_pbuf_alloc
 .text.mpsc_pbuf_commit
                0x0000000008004b6c       0x40 zephyr/libzephyr.a(mpsc_pbuf.c.obj)
                0x0000000008004b6c                mpsc_pbuf_commit
 .text.mpsc_pbuf_claim
                0x0000000008004bac       0xa4 zephyr/libzephyr.a(mpsc_pbuf.c.obj)
                0x0000000008004bac                mpsc_pbuf_claim
 .text.mpsc_pbuf_free
                0x0000000008004c50       0x78 zephyr/libzephyr.a(mpsc_pbuf.c.obj)
                0x0000000008004c50                mpsc_pbuf_free
 .text.mpsc_pbuf_is_pending
                0x0000000008004cc8       0x1a zephyr/libzephyr.a(mpsc_pbuf.c.obj)
                0x0000000008004cc8                mpsc_pbuf_is_pending
 .text._ConfigAbsSyms
                0x0000000008004ce2        0x2 zephyr/libzephyr.a(configs.c.obj)
                0x0000000008004ce2                _ConfigAbsSyms
 .text.log_msg_generic_get_wlen
                0x0000000008004ce4       0x20 zephyr/libzephyr.a(log_core.c.obj)
 .text.dummy_timestamp
                0x0000000008004d04        0x4 zephyr/libzephyr.a(log_core.c.obj)
 .text.atomic_inc
                0x0000000008004d08       0x1a zephyr/libzephyr.a(log_core.c.obj)
 .text.default_lf_get_timestamp
                0x0000000008004d22       0x10 zephyr/libzephyr.a(log_core.c.obj)
 .text.z_log_vprintk
                0x0000000008004d32       0x1c zephyr/libzephyr.a(log_core.c.obj)
                0x0000000008004d32                z_log_vprintk
 .text.z_log_notify_drop
                0x0000000008004d4e        0x6 zephyr/libzephyr.a(log_core.c.obj)
 .text.z_log_get_tag
                0x0000000008004d54        0x4 zephyr/libzephyr.a(log_core.c.obj)
                0x0000000008004d54                z_log_get_tag
 .text.z_cbprintf_cpy
                0x0000000008004d58       0x2c zephyr/libzephyr.a(log_msg.c.obj)
 .text.z_log_msg_finalize
                0x0000000008004d84       0x32 zephyr/libzephyr.a(log_msg.c.obj)
                0x0000000008004d84                z_log_msg_finalize
 .text.buffer_write
                0x0000000008004db6       0x1a zephyr/libzephyr.a(log_output.c.obj)
 .text.cbvprintf
                0x0000000008004dd0        0xe zephyr/libzephyr.a(log_output.c.obj)
 .text.log_output_flush
                0x0000000008004dde       0x18 zephyr/libzephyr.a(log_output.c.obj)
                0x0000000008004dde                log_output_flush
 .text.out_func
                0x0000000008004df6       0x36 zephyr/libzephyr.a(log_output.c.obj)
 .text.cr_out_func
                0x0000000008004e2c       0x1c zephyr/libzephyr.a(log_output.c.obj)
 .text.log_backend_uart_init
                0x0000000008004e48        0x2 zephyr/libzephyr.a(log_backend_uart.c.obj)
 .text.z_do_kernel_oops
                0x0000000008004e4a        0x8 zephyr/arch/arch/arm/core/aarch32/libarch__arm__core__aarch32.a(fatal.c.obj)
                0x0000000008004e4a                z_do_kernel_oops
 .text.z_irq_spurious
                0x0000000008004e52        0x8 zephyr/arch/arch/arm/core/aarch32/libarch__arm__core__aarch32.a(irq_manage.c.obj)
                0x0000000008004e52                z_irq_spurious
 .text.z_arm_nmi
                0x0000000008004e5a        0xe zephyr/arch/arch/arm/core/aarch32/libarch__arm__core__aarch32.a(nmi.c.obj)
                0x0000000008004e5a                z_arm_nmi
 .text.z_log_msg_static_create.constprop.0
                0x0000000008004e68        0x6 zephyr/arch/arch/arm/core/aarch32/cortex_m/libarch__arm__core__aarch32__cortex_m.a(fault.c.obj)
 .text.strlen   0x0000000008004e6e        0xe zephyr/lib/libc/minimal/liblib__libc__minimal.a(string.c.obj)
                0x0000000008004e6e                strlen
 .text.memcpy   0x0000000008004e7c       0x16 zephyr/lib/libc/minimal/liblib__libc__minimal.a(string.c.obj)
                0x0000000008004e7c                memcpy
 .text.memset   0x0000000008004e92       0x12 zephyr/lib/libc/minimal/liblib__libc__minimal.a(string.c.obj)
                0x0000000008004e92                memset
 .text._stdout_hook_default
                0x0000000008004ea4        0x6 zephyr/lib/libc/minimal/liblib__libc__minimal.a(stdout_console.c.obj)
 .text.strnlen  0x0000000008004eaa       0x12 zephyr/lib/libc/common/liblib__libc__common.a(strnlen.c.obj)
                0x0000000008004eaa                strnlen
 .text.stm32_exti_init
                0x0000000008004ebc       0x92 zephyr/drivers/interrupt_controller/libdrivers__interrupt_controller.a(intc_exti_stm32.c.obj)
 .text.stm32_clock_control_on
                0x0000000008004f4e       0x24 zephyr/drivers/clock_control/libdrivers__clock_control.a(clock_stm32_ll_common.c.obj)
 .text.stm32_clock_control_off
                0x0000000008004f72       0x24 zephyr/drivers/clock_control/libdrivers__clock_control.a(clock_stm32_ll_common.c.obj)
 .text.stm32_clock_control_get_status
                0x0000000008004f96       0x2e zephyr/drivers/clock_control/libdrivers__clock_control.a(clock_stm32_ll_common.c.obj)
 .text.stm32_clock_control_configure
                0x0000000008004fc4       0x56 zephyr/drivers/clock_control/libdrivers__clock_control.a(clock_stm32_ll_common.c.obj)
 .text.config_enable_default_clocks
                0x000000000800501a        0x2 zephyr/drivers/clock_control/libdrivers__clock_control.a(clock_stm32f1.c.obj)
                0x000000000800501a                config_enable_default_clocks
 .text.gpio_stm32_port_get_raw
                0x000000000800501c        0xc zephyr/drivers/gpio/libdrivers__gpio.a(gpio_stm32.c.obj)
 .text.gpio_stm32_port_set_masked_raw
                0x0000000008005028       0x12 zephyr/drivers/gpio/libdrivers__gpio.a(gpio_stm32.c.obj)
 .text.gpio_stm32_port_set_bits_raw
                0x000000000800503a        0xa zephyr/drivers/gpio/libdrivers__gpio.a(gpio_stm32.c.obj)
 .text.gpio_stm32_port_clear_bits_raw
                0x0000000008005044        0xa zephyr/drivers/gpio/libdrivers__gpio.a(gpio_stm32.c.obj)
 .text.gpio_stm32_port_toggle_bits
                0x000000000800504e        0xe zephyr/drivers/gpio/libdrivers__gpio.a(gpio_stm32.c.obj)
 .text.gpio_stm32_manage_callback
                0x000000000800505c       0x52 zephyr/drivers/gpio/libdrivers__gpio.a(gpio_stm32.c.obj)
 .text.LL_GPIO_SetPinMode
                0x00000000080050ae       0x2c zephyr/drivers/gpio/libdrivers__gpio.a(gpio_stm32.c.obj)
 .text.LL_GPIO_SetPinSpeed
                0x00000000080050da       0x2c zephyr/drivers/gpio/libdrivers__gpio.a(gpio_stm32.c.obj)
 .text.LL_GPIO_SetPinOutputType
                0x0000000008005106       0x2c zephyr/drivers/gpio/libdrivers__gpio.a(gpio_stm32.c.obj)
 .text.gpio_stm32_isr
                0x0000000008005132       0x2e zephyr/drivers/gpio/libdrivers__gpio.a(gpio_stm32.c.obj)
 .text.gpio_stm32_configure_raw.constprop.0.isra.0
                0x0000000008005160       0xaa zephyr/drivers/gpio/libdrivers__gpio.a(gpio_stm32.c.obj)
 .text.gpio_stm32_config
                0x000000000800520a       0x72 zephyr/drivers/gpio/libdrivers__gpio.a(gpio_stm32.c.obj)
 .text.gpio_stm32_configure
                0x000000000800527c       0x2a zephyr/drivers/gpio/libdrivers__gpio.a(gpio_stm32.c.obj)
                0x000000000800527c                gpio_stm32_configure
 .text.pinctrl_lookup_state
                0x00000000080052a6       0x26 zephyr/drivers/pinctrl/libdrivers__pinctrl.a(common.c.obj)
                0x00000000080052a6                pinctrl_lookup_state
 .text.reset_stm32_status
                0x00000000080052cc       0x20 zephyr/drivers/reset/libdrivers__reset.a(reset_stm32.c.obj)
 .text.reset_stm32_line_assert
                0x00000000080052ec       0x1c zephyr/drivers/reset/libdrivers__reset.a(reset_stm32.c.obj)
 .text.reset_stm32_line_deassert
                0x0000000008005308       0x1e zephyr/drivers/reset/libdrivers__reset.a(reset_stm32.c.obj)
 .text.reset_stm32_line_toggle
                0x0000000008005326       0x16 zephyr/drivers/reset/libdrivers__reset.a(reset_stm32.c.obj)
 .text.LL_USART_ClearFlag_PE
                0x000000000800533c       0x12 zephyr/drivers/serial/libdrivers__serial.a(uart_stm32.c.obj)
 .text.uart_stm32_poll_in
                0x000000000800534e       0x22 zephyr/drivers/serial/libdrivers__serial.a(uart_stm32.c.obj)
 .text.uart_stm32_poll_out
                0x0000000008005370       0x3a zephyr/drivers/serial/libdrivers__serial.a(uart_stm32.c.obj)
 .text.uart_stm32_err_check
                0x00000000080053aa       0x66 zephyr/drivers/serial/libdrivers__serial.a(uart_stm32.c.obj)
 .text.uart_stm32_fifo_fill
                0x0000000008005410       0x46 zephyr/drivers/serial/libdrivers__serial.a(uart_stm32.c.obj)
 .text.uart_stm32_fifo_read
                0x0000000008005456       0x2a zephyr/drivers/serial/libdrivers__serial.a(uart_stm32.c.obj)
 .text.uart_stm32_irq_tx_enable
                0x0000000008005480        0xe zephyr/drivers/serial/libdrivers__serial.a(uart_stm32.c.obj)
 .text.uart_stm32_irq_tx_disable
                0x000000000800548e        0xe zephyr/drivers/serial/libdrivers__serial.a(uart_stm32.c.obj)
 .text.uart_stm32_irq_tx_ready
                0x000000000800549c       0x14 zephyr/drivers/serial/libdrivers__serial.a(uart_stm32.c.obj)
 .text.uart_stm32_irq_tx_complete
                0x00000000080054b0        0xc zephyr/drivers/serial/libdrivers__serial.a(uart_stm32.c.obj)
 .text.uart_stm32_irq_rx_enable
                0x00000000080054bc        0xe zephyr/drivers/serial/libdrivers__serial.a(uart_stm32.c.obj)
 .text.uart_stm32_irq_rx_disable
                0x00000000080054ca        0xe zephyr/drivers/serial/libdrivers__serial.a(uart_stm32.c.obj)
 .text.uart_stm32_irq_rx_ready
                0x00000000080054d8        0xc zephyr/drivers/serial/libdrivers__serial.a(uart_stm32.c.obj)
 .text.uart_stm32_irq_is_pending
                0x00000000080054e4       0x24 zephyr/drivers/serial/libdrivers__serial.a(uart_stm32.c.obj)
 .text.uart_stm32_irq_update
                0x0000000008005508        0x4 zephyr/drivers/serial/libdrivers__serial.a(uart_stm32.c.obj)
 .text.uart_stm32_irq_callback_set
                0x000000000800550c        0x8 zephyr/drivers/serial/libdrivers__serial.a(uart_stm32.c.obj)
 .text.uart_stm32_isr
                0x0000000008005514        0xc zephyr/drivers/serial/libdrivers__serial.a(uart_stm32.c.obj)
 .text.uart_stm32_irq_config_func_0
                0x0000000008005520       0x16 zephyr/drivers/serial/libdrivers__serial.a(uart_stm32.c.obj)
 .text.uart_stm32_config_get
                0x0000000008005536       0x8c zephyr/drivers/serial/libdrivers__serial.a(uart_stm32.c.obj)
 .text.uart_stm32_set_baudrate
                0x00000000080055c2       0x4c zephyr/drivers/serial/libdrivers__serial.a(uart_stm32.c.obj)
 .text._GetAvailWriteSpace
                0x000000000800560e       0x12 modules/segger/libmodules__segger.a(SEGGER_RTT.c.obj)
 .text._WriteNoCheck
                0x0000000008005620       0x36 modules/segger/libmodules__segger.a(SEGGER_RTT.c.obj)
 .text._WriteBlocking
                0x0000000008005656       0x52 modules/segger/libmodules__segger.a(SEGGER_RTT.c.obj)
 .text.SEGGER_RTT_Init
                0x00000000080056a8        0x4 modules/segger/libmodules__segger.a(SEGGER_RTT.c.obj)
                0x00000000080056a8                SEGGER_RTT_Init
 .text.rtt_init
                0x00000000080056ac        0xa modules/segger/libmodules__segger.a(SEGGER_RTT_zephyr.c.obj)
 .text.gpio_driver_init
                0x00000000080056b6        0x4 modules/drivers/gpio_driver/lib..__..__my_driver_gpio__drivers__gpio_driver.a(gpio_driver.c.obj)
 .text.toggle_led_trong_filec
                0x00000000080056ba       0x10 modules/drivers/gpio_driver/lib..__..__my_driver_gpio__drivers__gpio_driver.a(gpio_driver.c.obj)
 .text.z_device_state_init
                0x00000000080056ca        0x2 zephyr/kernel/libkernel.a(device.c.obj)
                0x00000000080056ca                z_device_state_init
 .text.z_device_is_ready
                0x00000000080056cc       0x16 zephyr/kernel/libkernel.a(device.c.obj)
                0x00000000080056cc                z_device_is_ready
 .text.arch_system_halt
                0x00000000080056e2       0x12 zephyr/kernel/libkernel.a(fatal.c.obj)
                0x00000000080056e2                arch_system_halt
 .text.z_early_memset
                0x00000000080056f4        0x4 zephyr/kernel/libkernel.a(init.c.obj)
                0x00000000080056f4                z_early_memset
 .text.z_early_memcpy
                0x00000000080056f8        0x4 zephyr/kernel/libkernel.a(init.c.obj)
                0x00000000080056f8                z_early_memcpy
 .text.k_is_in_isr
                0x00000000080056fc        0xc zephyr/kernel/libkernel.a(thread.c.obj)
                0x00000000080056fc                k_is_in_isr
 .text.z_impl_k_thread_name_set
                0x0000000008005708        0x6 zephyr/kernel/libkernel.a(thread.c.obj)
                0x0000000008005708                z_impl_k_thread_name_set
 .text.k_thread_name_get
                0x000000000800570e        0x4 zephyr/kernel/libkernel.a(thread.c.obj)
                0x000000000800570e                k_thread_name_get
 .text.idle     0x0000000008005712       0x18 zephyr/kernel/libkernel.a(idle.c.obj)
                0x0000000008005712                idle
 .text.adjust_owner_prio.isra.0
                0x000000000800572a       0x10 zephyr/kernel/libkernel.a(mutex.c.obj)
 .text.z_impl_k_sem_init
                0x000000000800573a       0x18 zephyr/kernel/libkernel.a(sem.c.obj)
                0x000000000800573a                z_impl_k_sem_init
 .text.sys_dlist_remove
                0x0000000008005752       0x10 zephyr/kernel/libkernel.a(sched.c.obj)
 .text.unpend_thread_no_timeout
                0x0000000008005762       0x14 zephyr/kernel/libkernel.a(sched.c.obj)
 .text.add_to_waitq_locked
                0x0000000008005776       0x50 zephyr/kernel/libkernel.a(sched.c.obj)
 .text.z_ready_thread
                0x00000000080057c6       0x20 zephyr/kernel/libkernel.a(sched.c.obj)
                0x00000000080057c6                z_ready_thread
 .text.z_unpend_thread_no_timeout
                0x00000000080057e6       0x24 zephyr/kernel/libkernel.a(sched.c.obj)
                0x00000000080057e6                z_unpend_thread_no_timeout
 .text.z_sched_wake_thread
                0x000000000800580a       0x44 zephyr/kernel/libkernel.a(sched.c.obj)
                0x000000000800580a                z_sched_wake_thread
 .text.z_thread_timeout
                0x000000000800584e        0x8 zephyr/kernel/libkernel.a(sched.c.obj)
                0x000000000800584e                z_thread_timeout
 .text.z_unpend1_no_timeout
                0x0000000008005856       0x2e zephyr/kernel/libkernel.a(sched.c.obj)
                0x0000000008005856                z_unpend1_no_timeout
 .text.z_unpend_first_thread
                0x0000000008005884       0x38 zephyr/kernel/libkernel.a(sched.c.obj)
                0x0000000008005884                z_unpend_first_thread
 .text.z_reschedule_irqlock
                0x00000000080058bc       0x18 zephyr/kernel/libkernel.a(sched.c.obj)
                0x00000000080058bc                z_reschedule_irqlock
 .text.z_reschedule_unlocked
                0x00000000080058d4       0x14 zephyr/kernel/libkernel.a(sched.c.obj)
 .text.z_abort_timeout
                0x00000000080058e8       0x2c zephyr/kernel/libkernel.a(timeout.c.obj)
                0x00000000080058e8                z_abort_timeout
 .text.sys_clock_tick_get_32
                0x0000000008005914        0x8 zephyr/kernel/libkernel.a(timeout.c.obj)
                0x0000000008005914                sys_clock_tick_get_32
 .text.z_impl_k_uptime_ticks
                0x000000000800591c        0x4 zephyr/kernel/libkernel.a(timeout.c.obj)
                0x000000000800591c                z_impl_k_uptime_ticks
 .text.k_timer_init
                0x0000000008005920       0x18 zephyr/kernel/libkernel.a(timer.c.obj)
                0x0000000008005920                k_timer_init
 .text.z_impl_k_timer_stop
                0x0000000008005938       0x3a zephyr/kernel/libkernel.a(timer.c.obj)
                0x0000000008005938                z_impl_k_timer_stop
 *(SORT_BY_ALIGNMENT(.TEXT.*))
 *(SORT_BY_ALIGNMENT(.gnu.linkonce.t.*))
 *(SORT_BY_ALIGNMENT(.glue_7t))
 .glue_7t       0x0000000008005972        0x0 linker stubs
 *(SORT_BY_ALIGNMENT(.glue_7))
 .glue_7        0x0000000008005972        0x0 linker stubs
 *(SORT_BY_ALIGNMENT(.vfp11_veneer))
 .vfp11_veneer  0x0000000008005972        0x0 linker stubs
 *(SORT_BY_ALIGNMENT(.v4_bx))
 .v4_bx         0x0000000008005972        0x0 linker stubs
                0x0000000008005974                . = ALIGN (0x4)
 *fill*         0x0000000008005972        0x2 
                0x0000000008005974                __text_region_end = .

.ARM.exidx      0x0000000008005974        0x8
                0x0000000008005974                __exidx_start = .
 *(SORT_BY_ALIGNMENT(.ARM.exidx*) SORT_BY_ALIGNMENT(gnu.linkonce.armexidx.*))
 .ARM.exidx     0x0000000008005974        0x8 d:/desktop/source/zephyr-sdk-0.16.1/arm-zephyr-eabi/bin/../lib/gcc/arm-zephyr-eabi/12.2.0/thumb/v7-m/nofp\libgcc.a(_udivmoddi4.o)
                0x000000000800597c                __exidx_end = .
                0x000000000800597c                __rodata_region_start = .

initlevel       0x000000000800597c       0x88
                0x000000000800597c                __init_start = .
                0x000000000800597c                __init_EARLY_start = .
 *(SORT_BY_NAME(SORT_BY_ALIGNMENT(.z_init_EARLY?_*)))
 *(SORT_BY_NAME(SORT_BY_ALIGNMENT(.z_init_EARLY??_*)))
                0x000000000800597c                __init_PRE_KERNEL_1_start = .
 *(SORT_BY_NAME(SORT_BY_ALIGNMENT(.z_init_PRE_KERNEL_1?_*)))
 .z_init_PRE_KERNEL_10_0_
                0x000000000800597c        0x8 zephyr/libzephyr.a(soc.c.obj)
 .z_init_PRE_KERNEL_11_00008_
                0x0000000008005984        0x8 zephyr/drivers/clock_control/libdrivers__clock_control.a(clock_stm32_ll_common.c.obj)
 .z_init_PRE_KERNEL_11_0_
                0x000000000800598c        0x8 zephyr/libzephyr.a(soc_config.c.obj)
 *(SORT_BY_NAME(SORT_BY_ALIGNMENT(.z_init_PRE_KERNEL_1??_*)))
 .z_init_PRE_KERNEL_130_0_
                0x0000000008005994        0x8 modules/segger/libmodules__segger.a(SEGGER_RTT_zephyr.c.obj)
 .z_init_PRE_KERNEL_135_00028_
                0x000000000800599c        0x8 zephyr/drivers/reset/libdrivers__reset.a(reset_stm32.c.obj)
 .z_init_PRE_KERNEL_140_00012_
                0x00000000080059a4        0x8 zephyr/drivers/gpio/libdrivers__gpio.a(gpio_stm32.c.obj)
 .z_init_PRE_KERNEL_140_00026_
                0x00000000080059ac        0x8 zephyr/drivers/interrupt_controller/libdrivers__interrupt_controller.a(intc_exti_stm32.c.obj)
 .z_init_PRE_KERNEL_140_00043_
                0x00000000080059b4        0x8 zephyr/drivers/gpio/libdrivers__gpio.a(gpio_stm32.c.obj)
 .z_init_PRE_KERNEL_140_00044_
                0x00000000080059bc        0x8 zephyr/drivers/gpio/libdrivers__gpio.a(gpio_stm32.c.obj)
 .z_init_PRE_KERNEL_140_00045_
                0x00000000080059c4        0x8 zephyr/drivers/gpio/libdrivers__gpio.a(gpio_stm32.c.obj)
 .z_init_PRE_KERNEL_140_00046_
                0x00000000080059cc        0x8 zephyr/drivers/gpio/libdrivers__gpio.a(gpio_stm32.c.obj)
 .z_init_PRE_KERNEL_155_00033_
                0x00000000080059d4        0x8 zephyr/drivers/serial/libdrivers__serial.a(uart_stm32.c.obj)
 .z_init_PRE_KERNEL_160_0_
                0x00000000080059dc        0x8 zephyr/drivers/console/libdrivers__console.a(rtt_console.c.obj)
 .z_init_PRE_KERNEL_160_0_
                0x00000000080059e4        0x8 zephyr/drivers/console/libdrivers__console.a(uart_console.c.obj)
                0x00000000080059ec                __init_PRE_KERNEL_2_start = .
 *(SORT_BY_NAME(SORT_BY_ALIGNMENT(.z_init_PRE_KERNEL_2?_*)))
 .z_init_PRE_KERNEL_20_0_
                0x00000000080059ec        0x8 zephyr/drivers/timer/libdrivers__timer.a(cortex_m_systick.c.obj)
 *(SORT_BY_NAME(SORT_BY_ALIGNMENT(.z_init_PRE_KERNEL_2??_*)))
                0x00000000080059f4                __init_POST_KERNEL_start = .
 *(SORT_BY_NAME(SORT_BY_ALIGNMENT(.z_init_POST_KERNEL?_*)))
 .z_init_POST_KERNEL0_0_
                0x00000000080059f4        0x8 zephyr/libzephyr.a(log_core.c.obj)
 *(SORT_BY_NAME(SORT_BY_ALIGNMENT(.z_init_POST_KERNEL??_*)))
 .z_init_POST_KERNEL99_00013_
                0x00000000080059fc        0x8 modules/drivers/gpio_driver/lib..__..__my_driver_gpio__drivers__gpio_driver.a(gpio_driver.c.obj)
                0x0000000008005a04                __init_APPLICATION_start = .
 *(SORT_BY_NAME(SORT_BY_ALIGNMENT(.z_init_APPLICATION?_*)))
 *(SORT_BY_NAME(SORT_BY_ALIGNMENT(.z_init_APPLICATION??_*)))
                0x0000000008005a04                __init_SMP_start = .
 *(SORT_BY_NAME(SORT_BY_ALIGNMENT(.z_init_SMP?_*)))
 *(SORT_BY_NAME(SORT_BY_ALIGNMENT(.z_init_SMP??_*)))
                0x0000000008005a04                __init_end = .

device_area     0x0000000008005a04       0xc8
                0x0000000008005a04                _device_list_start = .
 *(SORT_BY_NAME(SORT_BY_ALIGNMENT(._device.static.*_?_*)))
 ._device.static.1_1_
                0x0000000008005a04       0x14 zephyr/drivers/clock_control/libdrivers__clock_control.a(clock_stm32_ll_common.c.obj)
                0x0000000008005a04                __device_dts_ord_8
 *(SORT_BY_NAME(SORT_BY_ALIGNMENT(._device.static.*_??_*)))
 ._device.static.1_35_
                0x0000000008005a18       0x14 zephyr/drivers/reset/libdrivers__reset.a(reset_stm32.c.obj)
                0x0000000008005a18                __device_dts_ord_28
 ._device.static.1_40_
                0x0000000008005a2c       0x14 zephyr/drivers/interrupt_controller/libdrivers__interrupt_controller.a(intc_exti_stm32.c.obj)
                0x0000000008005a2c                __device_dts_ord_26
 ._device.static.1_40_
                0x0000000008005a40       0x64 zephyr/drivers/gpio/libdrivers__gpio.a(gpio_stm32.c.obj)
                0x0000000008005a40                __device_dts_ord_46
                0x0000000008005a54                __device_dts_ord_45
                0x0000000008005a68                __device_dts_ord_12
                0x0000000008005a7c                __device_dts_ord_44
                0x0000000008005a90                __device_dts_ord_43
 ._device.static.1_55_
                0x0000000008005aa4       0x14 zephyr/drivers/serial/libdrivers__serial.a(uart_stm32.c.obj)
                0x0000000008005aa4                __device_dts_ord_33
 ._device.static.3_99_
                0x0000000008005ab8       0x14 modules/drivers/gpio_driver/lib..__..__my_driver_gpio__drivers__gpio_driver.a(gpio_driver.c.obj)
                0x0000000008005ab8                __device_dts_ord_13
                0x0000000008005acc                _device_list_end = .

sw_isr_table    0x0000000008005acc      0x1e0
                0x0000000008005acc                . = ALIGN (0x4)
 *(SORT_BY_ALIGNMENT(.gnu.linkonce.sw_isr_table*))
 .gnu.linkonce.sw_isr_table
                0x0000000008005acc      0x1e0 zephyr/CMakeFiles/zephyr_final.dir/isr_tables.c.obj
                0x0000000008005acc                _sw_isr_table

initlevel_error
                0x000000000800597c        0x0
 *(SORT_BY_NAME(SORT_BY_ALIGNMENT(.z_init_[_A-Z0-9]*)))
                0x0000000000000001                ASSERT ((SIZEOF (initlevel_error) == 0x0), Undefined initialization levels used.)

app_shmem_regions
                0x0000000008005cac        0x0
                0x0000000008005cac                __app_shmem_regions_start = .
 *(SORT_BY_NAME(SORT_BY_ALIGNMENT(.app_regions.*)))
                0x0000000008005cac                __app_shmem_regions_end = .

k_p4wq_initparam_area
                0x0000000008005cac        0x0
                0x0000000008005cac                _k_p4wq_initparam_list_start = .
 *(SORT_BY_NAME(SORT_BY_ALIGNMENT(._k_p4wq_initparam.static.*)))
                0x0000000008005cac                _k_p4wq_initparam_list_end = .

_static_thread_data_area
                0x0000000008005cac        0x0
                0x0000000008005cac                __static_thread_data_list_start = .
 *(SORT_BY_NAME(SORT_BY_ALIGNMENT(.__static_thread_data.static.*)))
                0x0000000008005cac                __static_thread_data_list_end = .

device_deps     0x0000000008005cac        0x0
                0x0000000008005cac                __device_deps_start = .
 *(SORT_BY_NAME(SORT_BY_ALIGNMENT(.__device_deps_pass2*)))
                0x0000000008005cac                __device_deps_end = .

ztest           0x0000000008005cac        0x0
                0x0000000008005cac                _ztest_expected_result_entry_list_start = .
 *(SORT_BY_NAME(SORT_BY_ALIGNMENT(._ztest_expected_result_entry.static.*)))
                0x0000000008005cac                _ztest_expected_result_entry_list_end = .
                0x0000000008005cac                _ztest_suite_node_list_start = .
 *(SORT_BY_NAME(SORT_BY_ALIGNMENT(._ztest_suite_node.static.*)))
                0x0000000008005cac                _ztest_suite_node_list_end = .
                0x0000000008005cac                _ztest_unit_test_list_start = .
 *(SORT_BY_NAME(SORT_BY_ALIGNMENT(._ztest_unit_test.static.*)))
                0x0000000008005cac                _ztest_unit_test_list_end = .
                0x0000000008005cac                _ztest_test_rule_list_start = .
 *(SORT_BY_NAME(SORT_BY_ALIGNMENT(._ztest_test_rule.static.*)))
                0x0000000008005cac                _ztest_test_rule_list_end = .

bt_l2cap_fixed_chan_area
                0x0000000008005cac        0x0
                0x0000000008005cac                _bt_l2cap_fixed_chan_list_start = .
 *(SORT_BY_NAME(SORT_BY_ALIGNMENT(._bt_l2cap_fixed_chan.static.*)))
                0x0000000008005cac                _bt_l2cap_fixed_chan_list_end = .

bt_gatt_service_static_area
                0x0000000008005cac        0x0
                0x0000000008005cac                _bt_gatt_service_static_list_start = .
 *(SORT_BY_NAME(SORT_BY_ALIGNMENT(._bt_gatt_service_static.static.*)))
                0x0000000008005cac                _bt_gatt_service_static_list_end = .

log_strings_area
                0x0000000008005cac        0x0
                0x0000000008005cac                _log_strings_list_start = .
 *(SORT_BY_NAME(SORT_BY_ALIGNMENT(._log_strings.static.*)))
                0x0000000008005cac                _log_strings_list_end = .

log_const_area  0x0000000008005cac       0x38
                0x0000000008005cac                _log_const_list_start = .
 *(SORT_BY_NAME(SORT_BY_ALIGNMENT(._log_const.static.*)))
 ._log_const.static.log_const_cbprintf_package_
                0x0000000008005cac        0x8 zephyr/libzephyr.a(cbprintf_packaged.c.obj)
                0x0000000008005cac                log_const_cbprintf_package
 ._log_const.static.log_const_log_
                0x0000000008005cb4        0x8 zephyr/libzephyr.a(log_core.c.obj)
                0x0000000008005cb4                log_const_log
 ._log_const.static.log_const_log_mgmt_
                0x0000000008005cbc        0x8 zephyr/libzephyr.a(log_mgmt.c.obj)
                0x0000000008005cbc                log_const_log_mgmt
 ._log_const.static.log_const_log_uart_
                0x0000000008005cc4        0x8 zephyr/libzephyr.a(log_backend_uart.c.obj)
                0x0000000008005cc4                log_const_log_uart
 ._log_const.static.log_const_main_
                0x0000000008005ccc        0x8 app/libapp.a(main.c.obj)
                0x0000000008005ccc                log_const_main
 ._log_const.static.log_const_os_
                0x0000000008005cd4        0x8 zephyr/kernel/libkernel.a(init.c.obj)
                0x0000000008005cd4                log_const_os
 ._log_const.static.log_const_uart_stm32_
                0x0000000008005cdc        0x8 zephyr/drivers/serial/libdrivers__serial.a(uart_stm32.c.obj)
                0x0000000008005cdc                log_const_uart_stm32
                0x0000000008005ce4                _log_const_list_end = .

log_backend_area
                0x0000000008005ce4       0x20
                0x0000000008005ce4                _log_backend_list_start = .
 *(SORT_BY_NAME(SORT_BY_ALIGNMENT(._log_backend.static.*)))
 ._log_backend.static.log_backend_rtt_
                0x0000000008005ce4       0x10 zephyr/libzephyr.a(log_backend_rtt.c.obj)
 ._log_backend.static.log_backend_uart_
                0x0000000008005cf4       0x10 zephyr/libzephyr.a(log_backend_uart.c.obj)
                0x0000000008005d04                _log_backend_list_end = .

log_link_area   0x0000000008005d04        0x0
                0x0000000008005d04                _log_link_list_start = .
 *(SORT_BY_NAME(SORT_BY_ALIGNMENT(._log_link.static.*)))
                0x0000000008005d04                _log_link_list_end = .

tracing_backend_area
                0x0000000008005d04        0x0
                0x0000000008005d04                _tracing_backend_list_start = .
 *(SORT_BY_NAME(SORT_BY_ALIGNMENT(._tracing_backend.static.*)))
                0x0000000008005d04                _tracing_backend_list_end = .

zephyr_dbg_info
 *(SORT_BY_ALIGNMENT(.dbg_thread_info))

symbol_to_keep  0x0000000008005d04        0x0
                0x0000000008005d04                __symbol_to_keep_start = .
 *(SORT_BY_NAME(SORT_BY_ALIGNMENT(.symbol_to_keep*)))
                0x0000000008005d04                __symbol_to_keep_end = .

shell_area      0x0000000008005d04        0x0
                0x0000000008005d04                _shell_list_start = .
 *(SORT_BY_NAME(SORT_BY_ALIGNMENT(._shell.static.*)))
                0x0000000008005d04                _shell_list_end = .

shell_root_cmds_area
                0x0000000008005d04        0x0
                0x0000000008005d04                _shell_root_cmds_list_start = .
 *(SORT_BY_NAME(SORT_BY_ALIGNMENT(._shell_root_cmds.static.*)))
                0x0000000008005d04                _shell_root_cmds_list_end = .

shell_subcmds_area
                0x0000000008005d04        0x0
                0x0000000008005d04                _shell_subcmds_list_start = .
 *(SORT_BY_NAME(SORT_BY_ALIGNMENT(._shell_subcmds.static.*)))
                0x0000000008005d04                _shell_subcmds_list_end = .

shell_dynamic_subcmds_area
                0x0000000008005d04        0x0
                0x0000000008005d04                _shell_dynamic_subcmds_list_start = .
 *(SORT_BY_NAME(SORT_BY_ALIGNMENT(._shell_dynamic_subcmds.static.*)))
                0x0000000008005d04                _shell_dynamic_subcmds_list_end = .

cfb_font_area   0x0000000008005d04        0x0
                0x0000000008005d04                _cfb_font_list_start = .
 *(SORT_BY_NAME(SORT_BY_ALIGNMENT(._cfb_font.static.*)))
                0x0000000008005d04                _cfb_font_list_end = .

rodata          0x0000000008005d04      0xa84
 *(SORT_BY_ALIGNMENT(.rodata))
 *(SORT_BY_ALIGNMENT(.rodata.*))
 .rodata.led    0x0000000008005d04        0x8 app/libapp.a(main.c.obj)
 .rodata.mpsc_config
                0x0000000008005d0c       0x14 zephyr/libzephyr.a(log_core.c.obj)
 .rodata.format_table
                0x0000000008005d20       0x10 zephyr/libzephyr.a(log_core.c.obj)
 .rodata.colors
                0x0000000008005d30       0x14 zephyr/libzephyr.a(log_output.c.obj)
 .rodata.severity
                0x0000000008005d44       0x14 zephyr/libzephyr.a(log_output.c.obj)
 .rodata.log_backend_rtt_api
                0x0000000008005d58       0x1c zephyr/libzephyr.a(log_backend_rtt.c.obj)
                0x0000000008005d58                log_backend_rtt_api
 .rodata.log_output_rtt
                0x0000000008005d74       0x10 zephyr/libzephyr.a(log_backend_rtt.c.obj)
 .rodata.log_backend_uart_api
                0x0000000008005d84       0x1c zephyr/libzephyr.a(log_backend_uart.c.obj)
                0x0000000008005d84                log_backend_uart_api
 .rodata.log_output_uart
                0x0000000008005da0       0x10 zephyr/libzephyr.a(log_backend_uart.c.obj)
 .rodata.gpio_stm32_cfg_e
                0x0000000008005db0       0x14 zephyr/drivers/gpio/libdrivers__gpio.a(gpio_stm32.c.obj)
 .rodata.gpio_stm32_cfg_d
                0x0000000008005dc4       0x14 zephyr/drivers/gpio/libdrivers__gpio.a(gpio_stm32.c.obj)
 .rodata.gpio_stm32_cfg_c
                0x0000000008005dd8       0x14 zephyr/drivers/gpio/libdrivers__gpio.a(gpio_stm32.c.obj)
 .rodata.gpio_stm32_cfg_b
                0x0000000008005dec       0x14 zephyr/drivers/gpio/libdrivers__gpio.a(gpio_stm32.c.obj)
 .rodata.gpio_stm32_cfg_a
                0x0000000008005e00       0x14 zephyr/drivers/gpio/libdrivers__gpio.a(gpio_stm32.c.obj)
 .rodata.gpio_stm32_driver
                0x0000000008005e14       0x24 zephyr/drivers/gpio/libdrivers__gpio.a(gpio_stm32.c.obj)
 .rodata.gpio_ports
                0x0000000008005e38       0x2c zephyr/drivers/pinctrl/libdrivers__pinctrl.a(pinctrl_stm32.c.obj)
 .rodata.reset_stm32_config
                0x0000000008005e64        0x4 zephyr/drivers/reset/libdrivers__reset.a(reset_stm32.c.obj)
 .rodata.reset_stm32_driver_api
                0x0000000008005e68       0x10 zephyr/drivers/reset/libdrivers__reset.a(reset_stm32.c.obj)
 .rodata.uart_stm32_cfg_0
                0x0000000008005e78       0x24 zephyr/drivers/serial/libdrivers__serial.a(uart_stm32.c.obj)
 .rodata.pclken_0
                0x0000000008005e9c        0x8 zephyr/drivers/serial/libdrivers__serial.a(uart_stm32.c.obj)
 .rodata.__pinctrl_dev_config__device_dts_ord_33
                0x0000000008005ea4        0x8 zephyr/drivers/serial/libdrivers__serial.a(uart_stm32.c.obj)
 .rodata.__pinctrl_states__device_dts_ord_33
                0x0000000008005eac        0x8 zephyr/drivers/serial/libdrivers__serial.a(uart_stm32.c.obj)
 .rodata.__pinctrl_state_pins_0__device_dts_ord_33
                0x0000000008005eb4       0x10 zephyr/drivers/serial/libdrivers__serial.a(uart_stm32.c.obj)
 .rodata.uart_stm32_driver_api
                0x0000000008005ec4       0x4c zephyr/drivers/serial/libdrivers__serial.a(uart_stm32.c.obj)
 .rodata.sample_gpio_driver_api
                0x0000000008005f10        0x4 modules/drivers/gpio_driver/lib..__..__my_driver_gpio__drivers__gpio_driver.a(gpio_driver.c.obj)
 .rodata._k_neg_eagain
                0x0000000008005f14        0x4 zephyr/kernel/libkernel.a(errno.c.obj)
                0x0000000008005f14                _k_neg_eagain
 .rodata.CSWTCH.479
                0x0000000008005f18       0x14 zephyr/kernel/libkernel.a(fatal.c.obj)
 .rodata.levels.0
                0x0000000008005f2c       0x18 zephyr/kernel/libkernel.a(init.c.obj)
 .rodata.CSWTCH.646
                0x0000000008005f44        0x6 zephyr/drivers/serial/libdrivers__serial.a(uart_stm32.c.obj)
 .rodata.main.str1.1
                0x0000000008005f4a       0x19 app/libapp.a(main.c.obj)
 .rodata.str1.1
                0x0000000008005f63        0x5 app/libapp.a(main.c.obj)
 .rodata.cbprintf_package_convert.str1.1
                0x0000000008005f68       0xa3 zephyr/libzephyr.a(cbprintf_packaged.c.obj)
 .rodata.str1.1
                0x000000000800600b       0x11 zephyr/libzephyr.a(cbprintf_packaged.c.obj)
 .rodata.z_cbvprintf_impl.str1.1
                0x000000000800601c        0x6 zephyr/libzephyr.a(cbprintf_complete.c.obj)
 .rodata.enable_logger.str1.1
                0x0000000008006022        0x8 zephyr/libzephyr.a(log_core.c.obj)
 .rodata.str1.1
                0x000000000800602a        0x4 zephyr/libzephyr.a(log_core.c.obj)
 .rodata.str1.1
                0x000000000800602e        0x9 zephyr/libzephyr.a(log_mgmt.c.obj)
 .rodata.z_impl_z_log_msg_static_create.str1.1
                0x0000000008006037       0x3f zephyr/libzephyr.a(log_msg.c.obj)
 .rodata.newline_print.str1.1
                0x0000000008006076        0x3 zephyr/libzephyr.a(log_output.c.obj)
                                          0x5 (size before relaxing)
 .rodata.log_output_process.str1.1
                0x0000000008006079       0x4f zephyr/libzephyr.a(log_output.c.obj)
                                         0x51 (size before relaxing)
 .rodata.log_output_dropped_process.str1.1
                0x00000000080060c8       0x4f zephyr/libzephyr.a(log_output.c.obj)
                                          0x3 (size before relaxing)
 .rodata.postfix.0
                0x00000000080060c8       0x1c zephyr/libzephyr.a(log_output.c.obj)
 .rodata.prefix.1
                0x00000000080060e4        0xc zephyr/libzephyr.a(log_output.c.obj)
 .rodata.str1.1
                0x00000000080060f0       0x20 zephyr/libzephyr.a(log_output.c.obj)
 .rodata.str1.1
                0x0000000008006110       0x10 zephyr/libzephyr.a(log_backend_rtt.c.obj)
 .rodata.str1.1
                0x0000000008006120       0x1a zephyr/libzephyr.a(log_backend_uart.c.obj)
 .rodata.z_arm_fatal_error.str1.1
                0x000000000800613a       0x9b zephyr/arch/arch/arm/core/aarch32/libarch__arm__core__aarch32.a(fatal.c.obj)
 .rodata.mem_manage_fault.constprop.0.str1.1
                0x00000000080061d5       0xa9 zephyr/arch/arch/arm/core/aarch32/cortex_m/libarch__arm__core__aarch32__cortex_m.a(fault.c.obj)
 .rodata.bus_fault.constprop.0.str1.1
                0x000000000800627e       0x88 zephyr/arch/arch/arm/core/aarch32/cortex_m/libarch__arm__core__aarch32__cortex_m.a(fault.c.obj)
 .rodata.usage_fault.constprop.0.str1.1
                0x0000000008006306       0xcd zephyr/arch/arch/arm/core/aarch32/cortex_m/libarch__arm__core__aarch32__cortex_m.a(fault.c.obj)
 .rodata.z_arm_fault.str1.1
                0x00000000080063d3      0x111 zephyr/arch/arch/arm/core/aarch32/cortex_m/libarch__arm__core__aarch32__cortex_m.a(fault.c.obj)
 .rodata.line_range_6.0
                0x00000000080064e4        0x2 zephyr/drivers/interrupt_controller/libdrivers__interrupt_controller.a(intc_exti_stm32.c.obj)
 .rodata.line_range_5.1
                0x00000000080064e6        0x2 zephyr/drivers/interrupt_controller/libdrivers__interrupt_controller.a(intc_exti_stm32.c.obj)
 .rodata.line_range_4.2
                0x00000000080064e8        0x2 zephyr/drivers/interrupt_controller/libdrivers__interrupt_controller.a(intc_exti_stm32.c.obj)
 .rodata.line_range_3.3
                0x00000000080064ea        0x2 zephyr/drivers/interrupt_controller/libdrivers__interrupt_controller.a(intc_exti_stm32.c.obj)
 .rodata.line_range_2.4
                0x00000000080064ec        0x2 zephyr/drivers/interrupt_controller/libdrivers__interrupt_controller.a(intc_exti_stm32.c.obj)
 .rodata.line_range_1.5
                0x00000000080064ee        0x2 zephyr/drivers/interrupt_controller/libdrivers__interrupt_controller.a(intc_exti_stm32.c.obj)
 .rodata.line_range_0.6
                0x00000000080064f0        0x2 zephyr/drivers/interrupt_controller/libdrivers__interrupt_controller.a(intc_exti_stm32.c.obj)
 .rodata.str1.1
                0x00000000080064f2       0x1e zephyr/drivers/interrupt_controller/libdrivers__interrupt_controller.a(intc_exti_stm32.c.obj)
 .rodata.str1.1
                0x0000000008006510        0xd zephyr/drivers/clock_control/libdrivers__clock_control.a(clock_stm32_ll_common.c.obj)
 .rodata.str1.1
                0x000000000800651d       0x46 zephyr/drivers/gpio/libdrivers__gpio.a(gpio_stm32.c.obj)
 .rodata.str1.1
                0x0000000008006563       0x11 zephyr/drivers/reset/libdrivers__reset.a(reset_stm32.c.obj)
 .rodata.uart_stm32_set_baudrate.part.0.str1.1
                0x0000000008006574       0x2e zephyr/drivers/serial/libdrivers__serial.a(uart_stm32.c.obj)
 .rodata.uart_stm32_init.str1.1
                0x00000000080065a2       0x8c zephyr/drivers/serial/libdrivers__serial.a(uart_stm32.c.obj)
 .rodata.str1.1
                0x000000000800662e       0x1b zephyr/drivers/serial/libdrivers__serial.a(uart_stm32.c.obj)
 .rodata.AHBPrescTable
                0x0000000008006649       0x10 modules/stm32/stm32cube/lib..__modules__hal__stm32__stm32cube.a(system_stm32f1xx.c.obj)
                0x0000000008006649                AHBPrescTable
 .rodata.HAL_RCC_GetSysClockFreq.str1.1
                0x0000000008006659       0x11 modules/stm32/stm32cube/lib..__modules__hal__stm32__stm32cube.a(stm32f1xx_hal_rcc.c.obj)
 .rodata._DoInit.str1.1
                0x000000000800666a        0x9 modules/segger/libmodules__segger.a(SEGGER_RTT.c.obj)
 .rodata._aInitStr.0
                0x0000000008006673       0x11 modules/segger/libmodules__segger.a(SEGGER_RTT.c.obj)
 .rodata.str1.1
                0x0000000008006684        0xc modules/drivers/gpio_driver/lib..__..__my_driver_gpio__drivers__gpio_driver.a(gpio_driver.c.obj)
 .rodata.k_sys_fatal_error_handler.str1.1
                0x0000000008006690        0xf zephyr/kernel/libkernel.a(fatal.c.obj)
 .rodata.z_fatal_error.str1.1
                0x000000000800669f       0x77 zephyr/kernel/libkernel.a(fatal.c.obj)
 .rodata.str1.1
                0x0000000008006716       0x4a zephyr/kernel/libkernel.a(fatal.c.obj)
 .rodata.z_cstart.str1.1
                0x0000000008006760        0x5 zephyr/kernel/libkernel.a(init.c.obj)
 .rodata.str1.1
                0x0000000008006760        0x3 zephyr/kernel/libkernel.a(init.c.obj)
 .rodata.boot_banner.str1.1
                0x0000000008006763       0x22 zephyr/kernel/libkernel.a(banner.c.obj)
 *(SORT_BY_ALIGNMENT(.gnu.linkonce.r.*))
                0x0000000008006788                . = ALIGN (0x4)
 *fill*         0x0000000008006785        0x3 
                0x0000000008006788                __rodata_region_end = .
                0x0000000008006788                . = ALIGN (_region_min_align)
                0x0000000008006788                __rom_region_end = ((__rom_region_start + .) - ADDR (rom_start))

/DISCARD/
 *(SORT_BY_ALIGNMENT(.got.plt))
 *(SORT_BY_ALIGNMENT(.igot.plt))
 *(SORT_BY_ALIGNMENT(.got))
 *(SORT_BY_ALIGNMENT(.igot))
                0x0000000020000000                . = 0x20000000
                0x0000000020000000                . = ALIGN (_region_min_align)
                0x0000000020000000                _image_ram_start = .

.ramfunc        0x0000000020000000        0x0 load address 0x0000000008006788
                0x0000000020000000                . = ALIGN (_region_min_align)
                0x0000000020000000                __ramfunc_start = .
 *(SORT_BY_ALIGNMENT(.ramfunc))
 *(SORT_BY_ALIGNMENT(.ramfunc.*))
                0x0000000020000000                . = ALIGN (_region_min_align)
                0x0000000020000000                __ramfunc_end = .
                0x0000000000000000                __ramfunc_size = (__ramfunc_end - __ramfunc_start)
                0x0000000008006788                __ramfunc_load_start = LOADADDR (.ramfunc)

datas           0x0000000020000000       0x5c load address 0x0000000008006788
                0x0000000020000000                __data_region_start = .
                0x0000000020000000                __data_start = .
 *(SORT_BY_ALIGNMENT(.data))
 *(SORT_BY_ALIGNMENT(.data.*))
 .data._char_out
                0x0000000020000000        0x4 zephyr/libzephyr.a(printk.c.obj)
                0x0000000020000000                _char_out
 .data.timestamp_func
                0x0000000020000004        0x4 zephyr/libzephyr.a(log_core.c.obj)
 .data._stdout_hook
                0x0000000020000008        0x4 zephyr/lib/libc/minimal/liblib__libc__minimal.a(stdout_console.c.obj)
 .data.stm32_clock_control_api
                0x000000002000000c       0x1c zephyr/drivers/clock_control/libdrivers__clock_control.a(clock_stm32_ll_common.c.obj)
 .data.uart_stm32_data_0
                0x0000000020000028       0x18 zephyr/drivers/serial/libdrivers__serial.a(uart_stm32.c.obj)
 .data.SystemCoreClock
                0x0000000020000040        0x4 modules/stm32/stm32cube/lib..__modules__hal__stm32__stm32cube.a(system_stm32f1xx.c.obj)
                0x0000000020000040                SystemCoreClock
 .data.timeout_list
                0x0000000020000044        0x8 zephyr/kernel/libkernel.a(timeout.c.obj)
 .data.exti_irq_table
                0x000000002000004c       0x10 zephyr/drivers/interrupt_controller/libdrivers__interrupt_controller.a(intc_exti_stm32.c.obj)
 *(SORT_BY_ALIGNMENT(.kernel.*))
                0x000000002000005c                __data_end = .
                0x000000000000005c                __data_size = (__data_end - __data_start)
                0x0000000008006788                __data_load_start = LOADADDR (datas)
                0x0000000008006788                __data_region_load_start = LOADADDR (datas)

device_states   0x000000002000005c       0x14 load address 0x00000000080067e4
                0x000000002000005c                __device_states_start = .
 *(SORT_BY_ALIGNMENT(.z_devstate))
 .z_devstate    0x000000002000005c        0x2 zephyr/drivers/interrupt_controller/libdrivers__interrupt_controller.a(intc_exti_stm32.c.obj)
 .z_devstate    0x000000002000005e        0x2 zephyr/drivers/clock_control/libdrivers__clock_control.a(clock_stm32_ll_common.c.obj)
 .z_devstate    0x0000000020000060        0xa zephyr/drivers/gpio/libdrivers__gpio.a(gpio_stm32.c.obj)
 .z_devstate    0x000000002000006a        0x2 zephyr/drivers/reset/libdrivers__reset.a(reset_stm32.c.obj)
 .z_devstate    0x000000002000006c        0x2 zephyr/drivers/serial/libdrivers__serial.a(uart_stm32.c.obj)
 .z_devstate    0x000000002000006e        0x2 modules/drivers/gpio_driver/lib..__..__my_driver_gpio__drivers__gpio_driver.a(gpio_driver.c.obj)
 *(SORT_BY_ALIGNMENT(.z_devstate.*))
                0x0000000020000070                __device_states_end = .

log_mpsc_pbuf_area
                0x0000000020000070       0x38 load address 0x00000000080067f8
                0x0000000020000070                _log_mpsc_pbuf_list_start = .
 *(SORT_BY_NAME(SORT_BY_ALIGNMENT(._log_mpsc_pbuf.static.*)))
 ._log_mpsc_pbuf.static.log_buffer_
                0x0000000020000070       0x38 zephyr/libzephyr.a(log_core.c.obj)
                0x00000000200000a8                _log_mpsc_pbuf_list_end = .

log_msg_ptr_area
                0x00000000200000a8        0x4 load address 0x0000000008006830
                0x00000000200000a8                _log_msg_ptr_list_start = .
 *(SORT_BY_NAME(SORT_BY_ALIGNMENT(._log_msg_ptr.static.*)))
 ._log_msg_ptr.static.log_msg_ptr_
                0x00000000200000a8        0x4 zephyr/libzephyr.a(log_core.c.obj)
                0x00000000200000ac                _log_msg_ptr_list_end = .

log_dynamic_area
                0x00000000200000ac        0x0 load address 0x0000000008006834
                0x00000000200000ac                _log_dynamic_list_start = .
 *(SORT_BY_NAME(SORT_BY_ALIGNMENT(._log_dynamic.static.*)))
                0x00000000200000ac                _log_dynamic_list_end = .

k_timer_area    0x00000000200000ac        0x0 load address 0x0000000008006834
                0x00000000200000ac                _k_timer_list_start = .
 *(SORT_BY_NAME(SORT_BY_ALIGNMENT(._k_timer.static.*)))
                0x00000000200000ac                _k_timer_list_end = .

k_mem_slab_area
                0x00000000200000ac        0x0 load address 0x0000000008006834
                0x00000000200000ac                _k_mem_slab_list_start = .
 *(SORT_BY_NAME(SORT_BY_ALIGNMENT(._k_mem_slab.static.*)))
                0x00000000200000ac                _k_mem_slab_list_end = .

k_heap_area     0x00000000200000ac        0x0 load address 0x0000000008006834
                0x00000000200000ac                _k_heap_list_start = .
 *(SORT_BY_NAME(SORT_BY_ALIGNMENT(._k_heap.static.*)))
                0x00000000200000ac                _k_heap_list_end = .

k_mutex_area    0x00000000200000ac       0x14 load address 0x0000000008006834
                0x00000000200000ac                _k_mutex_list_start = .
 *(SORT_BY_NAME(SORT_BY_ALIGNMENT(._k_mutex.static.*)))
 ._k_mutex.static.rtt_term_mutex_
                0x00000000200000ac       0x14 modules/segger/libmodules__segger.a(SEGGER_RTT_zephyr.c.obj)
                0x00000000200000ac                rtt_term_mutex
                0x00000000200000c0                _k_mutex_list_end = .

k_stack_area    0x00000000200000c0        0x0 load address 0x0000000008006848
                0x00000000200000c0                _k_stack_list_start = .
 *(SORT_BY_NAME(SORT_BY_ALIGNMENT(._k_stack.static.*)))
                0x00000000200000c0                _k_stack_list_end = .

k_msgq_area     0x00000000200000c0        0x0 load address 0x0000000008006848
                0x00000000200000c0                _k_msgq_list_start = .
 *(SORT_BY_NAME(SORT_BY_ALIGNMENT(._k_msgq.static.*)))
                0x00000000200000c0                _k_msgq_list_end = .

k_mbox_area     0x00000000200000c0        0x0 load address 0x0000000008006848
                0x00000000200000c0                _k_mbox_list_start = .
 *(SORT_BY_NAME(SORT_BY_ALIGNMENT(._k_mbox.static.*)))
                0x00000000200000c0                _k_mbox_list_end = .

k_pipe_area     0x00000000200000c0        0x0 load address 0x0000000008006848
                0x00000000200000c0                _k_pipe_list_start = .
 *(SORT_BY_NAME(SORT_BY_ALIGNMENT(._k_pipe.static.*)))
                0x00000000200000c0                _k_pipe_list_end = .

k_sem_area      0x00000000200000c0       0x10 load address 0x0000000008006848
                0x00000000200000c0                _k_sem_list_start = .
 *(SORT_BY_NAME(SORT_BY_ALIGNMENT(._k_sem.static.*)))
 ._k_sem.static.log_process_thread_sem_
                0x00000000200000c0       0x10 zephyr/libzephyr.a(log_core.c.obj)
                0x00000000200000c0                log_process_thread_sem
                0x00000000200000d0                _k_sem_list_end = .

k_event_area    0x00000000200000d0        0x0 load address 0x0000000008006858
                0x00000000200000d0                _k_event_list_start = .
 *(SORT_BY_NAME(SORT_BY_ALIGNMENT(._k_event.static.*)))
                0x00000000200000d0                _k_event_list_end = .

k_queue_area    0x00000000200000d0        0x0 load address 0x0000000008006858
                0x00000000200000d0                _k_queue_list_start = .
 *(SORT_BY_NAME(SORT_BY_ALIGNMENT(._k_queue.static.*)))
                0x00000000200000d0                _k_queue_list_end = .

k_condvar_area  0x00000000200000d0        0x0 load address 0x0000000008006858
                0x00000000200000d0                _k_condvar_list_start = .
 *(SORT_BY_NAME(SORT_BY_ALIGNMENT(._k_condvar.static.*)))
                0x00000000200000d0                _k_condvar_list_end = .

net_buf_pool_area
                0x00000000200000d0        0x0 load address 0x0000000008006858
                0x00000000200000d0                _net_buf_pool_list_start = .
 *(SORT_BY_NAME(SORT_BY_ALIGNMENT(._net_buf_pool.static.*)))
                0x00000000200000d0                _net_buf_pool_list_end = .
                0x00000000200000d0                __data_region_end = .

bss             0x00000000200000d0      0xbe9
                0x00000000200000d0                . = ALIGN (0x4)
                0x00000000200000d0                __bss_start = .
                0x00000000200000d0                __kernel_ram_start = .
 *(SORT_BY_ALIGNMENT(.bss))
 *(SORT_BY_ALIGNMENT(.bss.*))
 .bss.logging_thread
                0x00000000200000d0       0x70 zephyr/libzephyr.a(log_core.c.obj)
                0x00000000200000d0                logging_thread
 .bss.buf32     0x0000000020000140      0x400 zephyr/libzephyr.a(log_core.c.obj)
 .bss.last_failure_report
                0x0000000020000540        0x8 zephyr/libzephyr.a(log_core.c.obj)
 .bss.log_process_thread_timer
                0x0000000020000548       0x38 zephyr/libzephyr.a(log_core.c.obj)
 .bss.announced_cycles
                0x0000000020000580        0x8 zephyr/drivers/timer/libdrivers__timer.a(cortex_m_systick.c.obj)
 .bss.cycle_count
                0x0000000020000588        0x8 zephyr/drivers/timer/libdrivers__timer.a(cortex_m_systick.c.obj)
 .bss.z_idle_threads
                0x0000000020000590       0x70 zephyr/kernel/libkernel.a(init.c.obj)
                0x0000000020000590                z_idle_threads
 .bss.z_main_thread
                0x0000000020000600       0x70 zephyr/kernel/libkernel.a(init.c.obj)
                0x0000000020000600                z_main_thread
 .bss.slice_timeouts
                0x0000000020000670       0x18 zephyr/kernel/libkernel.a(sched.c.obj)
 .bss.curr_tick
                0x0000000020000688        0x8 zephyr/kernel/libkernel.a(timeout.c.obj)
 .bss.curr_log_buffer
                0x0000000020000690        0x4 zephyr/libzephyr.a(log_core.c.obj)
 .bss.proc_tid  0x0000000020000694        0x4 zephyr/libzephyr.a(log_core.c.obj)
 .bss.dropped_cnt
                0x0000000020000698        0x4 zephyr/libzephyr.a(log_core.c.obj)
 .bss.buffered_cnt
                0x000000002000069c        0x4 zephyr/libzephyr.a(log_core.c.obj)
 .bss.initialized
                0x00000000200006a0        0x4 zephyr/libzephyr.a(log_core.c.obj)
 .bss.timestamp_div
                0x00000000200006a4        0x4 zephyr/libzephyr.a(log_output.c.obj)
 .bss.freq      0x00000000200006a8        0x4 zephyr/libzephyr.a(log_output.c.obj)
 .bss.backend_cb_log_backend_rtt
                0x00000000200006ac        0x8 zephyr/libzephyr.a(log_backend_rtt.c.obj)
 .bss.log_output_rtt_control_block
                0x00000000200006b4        0xc zephyr/libzephyr.a(log_backend_rtt.c.obj)
 .bss.log_format_current
                0x00000000200006c0        0x4 zephyr/libzephyr.a(log_backend_rtt.c.obj)
 .bss.backend_cb_log_backend_uart
                0x00000000200006c4        0x8 zephyr/libzephyr.a(log_backend_uart.c.obj)
 .bss.log_output_uart_control_block
                0x00000000200006cc        0xc zephyr/libzephyr.a(log_backend_uart.c.obj)
 .bss.log_format_current
                0x00000000200006d8        0x4 zephyr/libzephyr.a(log_backend_uart.c.obj)
 .bss.exti_data
                0x00000000200006dc       0x80 zephyr/drivers/interrupt_controller/libdrivers__interrupt_controller.a(intc_exti_stm32.c.obj)
 .bss.gpio_stm32_data_e
                0x000000002000075c       0x10 zephyr/drivers/gpio/libdrivers__gpio.a(gpio_stm32.c.obj)
 .bss.gpio_stm32_data_d
                0x000000002000076c       0x10 zephyr/drivers/gpio/libdrivers__gpio.a(gpio_stm32.c.obj)
 .bss.gpio_stm32_data_c
                0x000000002000077c       0x10 zephyr/drivers/gpio/libdrivers__gpio.a(gpio_stm32.c.obj)
 .bss.gpio_stm32_data_b
                0x000000002000078c       0x10 zephyr/drivers/gpio/libdrivers__gpio.a(gpio_stm32.c.obj)
 .bss.gpio_stm32_data_a
                0x000000002000079c       0x10 zephyr/drivers/gpio/libdrivers__gpio.a(gpio_stm32.c.obj)
 .bss.overflow_cyc
                0x00000000200007ac        0x4 zephyr/drivers/timer/libdrivers__timer.a(cortex_m_systick.c.obj)
 .bss.last_load
                0x00000000200007b0        0x4 zephyr/drivers/timer/libdrivers__timer.a(cortex_m_systick.c.obj)
 .bss._SEGGER_RTT
                0x00000000200007b4       0xa8 modules/segger/libmodules__segger.a(SEGGER_RTT.c.obj)
                0x00000000200007b4                _SEGGER_RTT
 .bss._cpus_active
                0x000000002000085c        0x4 zephyr/kernel/libkernel.a(init.c.obj)
                0x000000002000085c                _cpus_active
 .bss._kernel   0x0000000020000860       0x20 zephyr/kernel/libkernel.a(init.c.obj)
                0x0000000020000860                _kernel
 .bss.pending_current
                0x0000000020000880        0x4 zephyr/kernel/libkernel.a(sched.c.obj)
 .bss.slice_max_prio
                0x0000000020000884        0x4 zephyr/kernel/libkernel.a(sched.c.obj)
 .bss.slice_ticks
                0x0000000020000888        0x4 zephyr/kernel/libkernel.a(sched.c.obj)
 .bss.announce_remaining
                0x000000002000088c        0x4 zephyr/kernel/libkernel.a(timeout.c.obj)
 .bss.backend_attached
                0x0000000020000890        0x1 zephyr/libzephyr.a(log_core.c.obj)
 .bss.panic_mode
                0x0000000020000891        0x1 zephyr/libzephyr.a(log_core.c.obj)
 .bss.host_present
                0x0000000020000892        0x1 zephyr/libzephyr.a(log_backend_rtt.c.obj)
 .bss.panic_mode
                0x0000000020000893        0x1 zephyr/libzephyr.a(log_backend_rtt.c.obj)
 .bss.char_buf  0x0000000020000894       0x10 zephyr/libzephyr.a(log_backend_rtt.c.obj)
 .bss.uart_output_buf
                0x00000000200008a4        0x1 zephyr/libzephyr.a(log_backend_uart.c.obj)
 .bss.in_panic  0x00000000200008a5        0x1 zephyr/libzephyr.a(log_backend_uart.c.obj)
 .bss.host_present
                0x00000000200008a6        0x1 zephyr/drivers/console/libdrivers__console.a(rtt_console.c.obj)
 .bss._acDownBuffer
                0x00000000200008a7       0x10 modules/segger/libmodules__segger.a(SEGGER_RTT.c.obj)
 .bss._acUpBuffer
                0x00000000200008b7      0x400 modules/segger/libmodules__segger.a(SEGGER_RTT.c.obj)
 .bss.z_sys_post_kernel
                0x0000000020000cb7        0x1 zephyr/kernel/libkernel.a(init.c.obj)
                0x0000000020000cb7                z_sys_post_kernel
 .bss.lock      0x0000000020000cb8        0x0 zephyr/kernel/libkernel.a(mutex.c.obj)
 .bss.lock      0x0000000020000cb8        0x0 zephyr/kernel/libkernel.a(sem.c.obj)
 .bss.slice_expired
                0x0000000020000cb8        0x1 zephyr/kernel/libkernel.a(sched.c.obj)
 .bss.sched_spinlock
                0x0000000020000cb9        0x0 zephyr/kernel/libkernel.a(sched.c.obj)
                0x0000000020000cb9                sched_spinlock
 *(SORT_BY_ALIGNMENT(COMMON))
 *(SORT_BY_ALIGNMENT(.kernel_bss.*))
                0x0000000020000cbc                __bss_end = ALIGN (0x4)

noinit          0x0000000020000cc0     0x1000
 *(SORT_BY_ALIGNMENT(.noinit))
 *(SORT_BY_ALIGNMENT(.noinit.*))
 .noinit."WEST_TOPDIR/zephyr/subsys/logging/log_core.c".0
                0x0000000020000cc0      0x300 zephyr/libzephyr.a(log_core.c.obj)
                0x0000000020000cc0                logging_stack
 .noinit."WEST_TOPDIR/zephyr/kernel/init.c".2
                0x0000000020000fc0      0x800 zephyr/kernel/libkernel.a(init.c.obj)
                0x0000000020000fc0                z_interrupt_stacks
 .noinit."WEST_TOPDIR/zephyr/kernel/init.c".1
                0x00000000200017c0      0x100 zephyr/kernel/libkernel.a(init.c.obj)
 .noinit."WEST_TOPDIR/zephyr/kernel/init.c".0
                0x00000000200018c0      0x400 zephyr/kernel/libkernel.a(init.c.obj)
                0x00000000200018c0                z_main_stack
 *(SORT_BY_ALIGNMENT(.kernel_noinit.*))
                0x0000000020005000                __kernel_ram_end = 0x20005000
                0x0000000000004f30                __kernel_ram_size = (__kernel_ram_end - __kernel_ram_start)

/DISCARD/
 *(SORT_BY_ALIGNMENT(.irq_info*))
 *(SORT_BY_ALIGNMENT(.intList*))

.last_ram_section
                0x0000000020001cc0        0x0
                0x0000000020001cc0                _image_ram_end = .
                0x0000000020001cc0                _end = .
                0x0000000020001cc0                z_mapped_end = .

.stab
 *(SORT_BY_ALIGNMENT(.stab))

.stabstr
 *(SORT_BY_ALIGNMENT(.stabstr))

.stab.excl
 *(SORT_BY_ALIGNMENT(.stab.excl))

.stab.exclstr
 *(SORT_BY_ALIGNMENT(.stab.exclstr))

.stab.index
 *(SORT_BY_ALIGNMENT(.stab.index))

.stab.indexstr
 *(SORT_BY_ALIGNMENT(.stab.indexstr))

.gnu.build.attributes
 *(SORT_BY_ALIGNMENT(.gnu.build.attributes) SORT_BY_ALIGNMENT(.gnu.build.attributes.*))

.comment        0x0000000000000000       0x20
 *(SORT_BY_ALIGNMENT(.comment))
 .comment       0x0000000000000000       0x20 zephyr/CMakeFiles/zephyr_final.dir/isr_tables.c.obj
                                         0x21 (size before relaxing)
 .comment       0x0000000000000020       0x21 zephyr/CMakeFiles/offsets.dir/./arch/arm/core/offsets/offsets.c.obj
 .comment       0x0000000000000020       0x21 app/libapp.a(main.c.obj)
 .comment       0x0000000000000020       0x21 zephyr/libzephyr.a(cbprintf_packaged.c.obj)
 .comment       0x0000000000000020       0x21 zephyr/libzephyr.a(printk.c.obj)
 .comment       0x0000000000000020       0x21 zephyr/libzephyr.a(thread_entry.c.obj)
 .comment       0x0000000000000020       0x21 zephyr/libzephyr.a(cbprintf_complete.c.obj)
 .comment       0x0000000000000020       0x21 zephyr/libzephyr.a(mpsc_pbuf.c.obj)
 .comment       0x0000000000000020       0x21 zephyr/libzephyr.a(configs.c.obj)